Component: ARM Compiler 5.06 update 6 (build 750) Tool: armlink [4d35ed]

==============================================================================

Section Cross References

    startup_stm32f407xx.o(RESET) refers to startup_stm32f407xx.o(STACK) for __initial_sp
    startup_stm32f407xx.o(RESET) refers to startup_stm32f407xx.o(.text) for Reset_Handler
    startup_stm32f407xx.o(RESET) refers to stm32f4xx_it.o(i.NMI_Handler) for NMI_Handler
    startup_stm32f407xx.o(RESET) refers to stm32f4xx_it.o(i.HardFault_Handler) for HardFault_Handler
    startup_stm32f407xx.o(RESET) refers to stm32f4xx_it.o(i.MemManage_Handler) for MemManage_Handler
    startup_stm32f407xx.o(RESET) refers to stm32f4xx_it.o(i.BusFault_Handler) for BusFault_Handler
    startup_stm32f407xx.o(RESET) refers to stm32f4xx_it.o(i.UsageFault_Handler) for UsageFault_Handler
    startup_stm32f407xx.o(RESET) refers to port.o(.emb_text) for SVC_Handler
    startup_stm32f407xx.o(RESET) refers to stm32f4xx_it.o(i.DebugMon_Handler) for DebugMon_Handler
    startup_stm32f407xx.o(RESET) refers to stm32f4xx_it.o(i.SysTick_Handler) for SysTick_Handler
    startup_stm32f407xx.o(RESET) refers to stm32f4xx_it.o(i.EXTI1_IRQHandler) for EXTI1_IRQHandler
    startup_stm32f407xx.o(RESET) refers to stm32f4xx_it.o(i.EXTI3_IRQHandler) for EXTI3_IRQHandler
    startup_stm32f407xx.o(RESET) refers to stm32f4xx_it.o(i.DMA1_Stream0_IRQHandler) for DMA1_Stream0_IRQHandler
    startup_stm32f407xx.o(RESET) refers to stm32f4xx_it.o(i.DMA1_Stream2_IRQHandler) for DMA1_Stream2_IRQHandler
    startup_stm32f407xx.o(RESET) refers to stm32f4xx_it.o(i.DMA1_Stream3_IRQHandler) for DMA1_Stream3_IRQHandler
    startup_stm32f407xx.o(RESET) refers to stm32f4xx_it.o(i.DMA1_Stream4_IRQHandler) for DMA1_Stream4_IRQHandler
    startup_stm32f407xx.o(RESET) refers to stm32f4xx_it.o(i.DMA1_Stream6_IRQHandler) for DMA1_Stream6_IRQHandler
    startup_stm32f407xx.o(RESET) refers to stm32f4xx_it.o(i.EXTI9_5_IRQHandler) for EXTI9_5_IRQHandler
    startup_stm32f407xx.o(RESET) refers to stm32f4xx_it.o(i.I2C1_EV_IRQHandler) for I2C1_EV_IRQHandler
    startup_stm32f407xx.o(RESET) refers to stm32f4xx_it.o(i.I2C1_ER_IRQHandler) for I2C1_ER_IRQHandler
    startup_stm32f407xx.o(RESET) refers to stm32f4xx_it.o(i.I2C2_EV_IRQHandler) for I2C2_EV_IRQHandler
    startup_stm32f407xx.o(RESET) refers to stm32f4xx_it.o(i.I2C2_ER_IRQHandler) for I2C2_ER_IRQHandler
    startup_stm32f407xx.o(RESET) refers to stm32f4xx_it.o(i.SPI1_IRQHandler) for SPI1_IRQHandler
    startup_stm32f407xx.o(RESET) refers to stm32f4xx_it.o(i.SPI2_IRQHandler) for SPI2_IRQHandler
    startup_stm32f407xx.o(RESET) refers to stm32f4xx_it.o(i.TIM8_TRG_COM_TIM14_IRQHandler) for TIM8_TRG_COM_TIM14_IRQHandler
    startup_stm32f407xx.o(RESET) refers to stm32f4xx_it.o(i.DMA1_Stream7_IRQHandler) for DMA1_Stream7_IRQHandler
    startup_stm32f407xx.o(RESET) refers to stm32f4xx_it.o(i.UART4_IRQHandler) for UART4_IRQHandler
    startup_stm32f407xx.o(RESET) refers to stm32f4xx_it.o(i.DMA2_Stream0_IRQHandler) for DMA2_Stream0_IRQHandler
    startup_stm32f407xx.o(RESET) refers to stm32f4xx_it.o(i.DMA2_Stream3_IRQHandler) for DMA2_Stream3_IRQHandler
    startup_stm32f407xx.o(RESET) refers to stm32f4xx_it.o(i.OTG_FS_IRQHandler) for OTG_FS_IRQHandler
    startup_stm32f407xx.o(RESET) refers to stm32f4xx_it.o(i.DCMI_IRQHandler) for DCMI_IRQHandler
    startup_stm32f407xx.o(RESET) refers to stm32f4xx_it.o(i.FPU_IRQHandler) for FPU_IRQHandler
    startup_stm32f407xx.o(.text) refers to system_stm32f4xx.o(i.SystemInit) for SystemInit
    startup_stm32f407xx.o(.text) refers to entry.o(.ARM.Collect$$$$00000000) for __main
    main.o(i.HAL_TIM_PeriodElapsedCallback) refers to stm32f4xx_hal.o(i.HAL_IncTick) for HAL_IncTick
    main.o(i.SystemClock_Config) refers to stm32f4xx_hal_rcc.o(i.HAL_RCC_OscConfig) for HAL_RCC_OscConfig
    main.o(i.SystemClock_Config) refers to main.o(i._Error_Handler) for _Error_Handler
    main.o(i.SystemClock_Config) refers to stm32f4xx_hal_rcc.o(i.HAL_RCC_ClockConfig) for HAL_RCC_ClockConfig
    main.o(i.SystemClock_Config) refers to stm32f4xx_hal_rcc.o(i.HAL_RCC_GetHCLKFreq) for HAL_RCC_GetHCLKFreq
    main.o(i.SystemClock_Config) refers to stm32f4xx_hal_cortex.o(i.HAL_SYSTICK_Config) for HAL_SYSTICK_Config
    main.o(i.SystemClock_Config) refers to stm32f4xx_hal_cortex.o(i.HAL_SYSTICK_CLKSourceConfig) for HAL_SYSTICK_CLKSourceConfig
    main.o(i.SystemClock_Config) refers to stm32f4xx_hal_cortex.o(i.HAL_NVIC_SetPriority) for HAL_NVIC_SetPriority
    main.o(i._Error_Handler) refers to cmsis_os.o(i.osDelay) for osDelay
    main.o(i._Error_Handler) refers to stm32f4xx_hal_gpio.o(i.HAL_GPIO_TogglePin) for HAL_GPIO_TogglePin
    main.o(i.main) refers to stm32f4xx_hal.o(i.HAL_Init) for HAL_Init
    main.o(i.main) refers to main.o(i.SystemClock_Config) for SystemClock_Config
    main.o(i.main) refers to dwt_stm32_delay.o(i.DWT_Delay_Init) for DWT_Delay_Init
    main.o(i.main) refers to main.o(i._Error_Handler) for _Error_Handler
[...]
    USBD_StrDesc                             0x20019d54   Data         512  usbd_desc.o(.bss)
    UserRxBufferFS                           0x20019f54   Data        2048  usbd_cdc_if.o(.bss)
    UserTxBufferFS                           0x2001a754   Data        2048  usbd_cdc_if.o(.bss)
    htim14                                   0x2001af54   Data          60  stm32f4xx_hal_timebase_tim.o(.bss)
    speedyctrlpid                            0x2001af90   Data          36  motoctrl.o(.bss)
    speedxctrlpid                            0x2001afb4   Data          36  motoctrl.o(.bss)
    MotionBurst                              0x2001afd8   Data          12  pmw3901.o(.bss)
    _SEGGER_RTT                              0x2001b008   Data         120  segger_rtt.o(.bss)
    cb                                       0x2001bf90   Data         232  compass_vec_cal.o(.bss)
    cb_test                                  0x2001c078   Data         232  compass_vec_cal.o(.bss)
    cb_sim                                   0x2001c160   Data         232  compass_vec_cal.o(.bss)
    vc                                       0x2001c248   Data         424  compass_vec_cal.o(.bss)
    fnm                                      0x2001c3f0   Data         608  fast_no_motion.o(.bss)
    s9axis                                   0x2001c690   Data         312  fusion_9axis.o(.bss)
    mag_disturb                              0x2001c98c   Data         184  mag_disturb.o(.bss)
    __heap_base                              0x2001cab0   Data           0  startup_stm32f407xx.o(HEAP)
    __heap_limit                             0x2001ccb0   Data           0  startup_stm32f407xx.o(HEAP)
    __initial_sp                             0x2001d0b0   Data           0  startup_stm32f407xx.o(STACK)



==============================================================================

Memory Map of the image

  Image Entry point : 0x20000189

  Load Region LR_IROM1 (Base: 0x20000000, Size: 0x00018d7c, Max: 0x00019000, ABSOLUTE, COMPRESSED[0x00018c38])

    Execution Region CCMRAM (Exec base: 0x10000000, Load base: 0x20018bb0, Size: 0x00008178, Max: 0x00010000, ABSOLUTE)

    Exec Addr    Load Addr    Size         Type   Attr      Idx    E Section Name        Object

    0x10000000   0x20018bb0   0x00000018   Data   RW         5463    .data               heap_4.o
    0x10000018   0x20018bc8   0x0000000c   Data   RW         5551    .data               port.o
    0x10000024   0x20018bd4   0x0000003c   Data   RW         6007    .data               tasks.o
    0x10000060   0x20018c10   0x00000028   Data   RW         5274    ccmram              mpu9250.o
    0x10000088        -       0x00008000   Zero   RW         5462    .bss                heap_4.o
    0x10008088        -       0x000000f0   Zero   RW         6006    .bss                tasks.o


    Execution Region ER_IROM1 (Exec base: 0x20000000, Load base: 0x20000000, Size: 0x00018ab0, Max: 0x00019000, ABSOLUTE)

    Exec Addr    Load Addr    Size         Type   Attr      Idx    E Section Name        Object

    0x20000000   0x20000000   0x00000188   Data   RO            3    RESET               startup_stm32f407xx.o
    0x20000188   0x20000188   0x00000000   Code   RO         9682  * .ARM.Collect$$$$00000000  mc_w.l(entry.o)
    0x20000188   0x20000188   0x00000004   Code   RO         9843    .ARM.Collect$$$$00000001  mc_w.l(entry2.o)
    0x2000018c   0x2000018c   0x00000004   Code   RO         9846    .ARM.Collect$$$$00000004  mc_w.l(entry5.o)
    0x20000190   0x20000190   0x00000000   Code   RO         9848    .ARM.Collect$$$$00000008  mc_w.l(entry7b.o)
    0x20000190   0x20000190   0x00000000   Code   RO         9850    .ARM.Collect$$$$0000000A  mc_w.l(entry8b.o)
    0x20000190   0x20000190   0x00000008   Code   RO         9851    .ARM.Collect$$$$0000000B  mc_w.l(entry9a.o)
    0x20000198   0x20000198   0x00000000   Code   RO         9853    .ARM.Collect$$$$0000000D  mc_w.l(entry10a.o)
    0x20000198   0x20000198   0x00000000   Code   RO         9855    .ARM.Collect$$$$0000000F  mc_w.l(entry11a.o)
    0x20000198   0x20000198   0x00000004   Code   RO         9844    .ARM.Collect$$$$00002712  mc_w.l(entry2.o)
    0x2000019c   0x2000019c   0x000000ba   Code   RO         5541    .emb_text           port.o
    0x20000256   0x20000256   0x00000002   PAD
    0x20000258   0x20000258   0x00000024   Code   RO            4    .text               startup_stm32f407xx.o
    0x2000027c   0x2000027c   0x00000048   Code   RO         9193    .text               arm_cortexM4l_math.lib(arm_pid_init_f32.o)
    0x200002c4   0x200002c4   0x00000c44   Code   RO         9242    .text               libmpllib.lib(accel_auto_cal.o)
    0x20000f08   0x20000f08   0x000024f0   Code   RO         9340    .text               libmpllib.lib(compass_vec_cal.o)
    0x200033f8   0x200033f8   0x00000a18   Code   RO         9370    .text               libmpllib.lib(fast_no_motion.o)
    0x20003e10   0x20003e10   0x000006b0   Code   RO         9394    .text               libmpllib.lib(fusion_9axis.o)
    0x200044c0   0x200044c0   0x000004c4   Code   RO         9416    .text               libmpllib.lib(gyro_tc.o)
    0x20004984   0x20004984   0x000005c0   Code   RO         9434    .text               libmpllib.lib(mag_disturb.o)
    0x20004f44   0x20004f44   0x00000994   Code   RO         9456    .text               libmpllib.lib(quaternion_supervisor.o)
    0x200058d8   0x200058d8   0x00000062   Code   RO         9685    .text               mc_w.l(uldiv.o)
    0x2000593a   0x2000593a   0x00000062   Code   RO         9687    .text               mc_w.l(ldiv.o)
    0x2000599c   0x2000599c   0x0000001e   Code   RO         9689    .text               mc_w.l(llshl.o)
    0x200059ba   0x200059ba   0x00000024   Code   RO         9691    .text               mc_w.l(llsshr.o)
    0x200059de   0x200059de   0x00000040   Code   RO         9695    .text               mc_w.l(memmovea.o)
    0x20005a1e   0x20005a1e   0x00000024   Code   RO         9697    .text               mc_w.l(memseta.o)
    0x20005a42   0x20005a42   0x0000001a   Code   RO         9701    .text               mc_w.l(memcmp.o)
    0x20005a5c   0x20005a5c   0x00000012   Code   RO         9703    .text               mc_w.l(strcpy.o)
    0x20005a6e   0x20005a6e   0x000000b0   Code   RO         9765    .text               mf_w.l(fadd.o)
    0x20005b1e   0x20005b1e   0x00000018   Code   RO         9767    .text               mf_w.l(fscalb.o)
    0x20005b36   0x20005b36   0x0000014e   Code   RO         9769    .text               mf_w.l(dadd.o)
    0x20005c84   0x20005c84   0x000000e4   Code   RO         9771    .text               mf_w.l(dmul.o)
    0x20005d68   0x20005d68   0x000000de   Code   RO         9773    .text               mf_w.l(ddiv.o)
    0x20005e46   0x20005e46   0x0000002c   Code   RO         9775    .text               mf_w.l(ffltl.o)
    0x20005e72   0x20005e72   0x00000022   Code   RO         9777    .text               mf_w.l(dflti.o)
    0x20005e94   0x20005e94   0x00000042   Code   RO         9779    .text               mf_w.l(ffixl.o)
    0x20005ed6   0x20005ed6   0x0000003e   Code   RO         9781    .text               mf_w.l(dfixi.o)
    0x20005f14   0x20005f14   0x00000026   Code   RO         9783    .text               mf_w.l(f2d.o)
    0x20005f3a   0x20005f3a   0x00000002   PAD
    0x20005f3c   0x20005f3c   0x00000030   Code   RO         9785    .text               mf_w.l(cdcmple.o)
    0x20005f6c   0x20005f6c   0x00000030   Code   RO         9787    .text               mf_w.l(cdrcmple.o)
    0x20005f9c   0x20005f9c   0x00000038   Code   RO         9789    .text               mf_w.l(d2f.o)
    0x20005fd4   0x20005fd4   0x0000002c   Code   RO         9860    .text               mc_w.l(uidiv.o)
    0x20006000   0x20006000   0x00000020   Code   RO         9862    .text               mc_w.l(llushr.o)
    0x20006020   0x20006020   0x00000000   Code   RO         9873    .text               mc_w.l(iusefp.o)
    0x20006020   0x20006020   0x0000006e   Code   RO         9874    .text               mf_w.l(fepilogue.o)
    0x2000608e   0x2000608e   0x000000ba   Code   RO         9876    .text               mf_w.l(depilogue.o)
    0x20006148   0x20006148   0x000000a2   Code   RO         9882    .text               mf_w.l(dsqrt.o)
    0x200061ea   0x200061ea   0x00000030   Code   RO         9884    .text               mf_w.l(dfixul.o)
    0x2000621a   0x2000621a   0x00000002   PAD
    0x2000621c   0x2000621c   0x00000024   Code   RO         9886    .text               mc_w.l(init.o)
    0x20006240   0x20006240   0x0000001a   Code   RO         9890    .text               mf_w.l(dfltui.o)
    0x2000625a   0x2000625a   0x00000056   Code   RO         9900    .text               mc_w.l(__dczerorl2.o)
    0x200062b0   0x200062b0   0x00000004   Code   RO          992    i.BusFault_Handler  stm32f4xx_it.o
    0x200062b4   0x200062b4   0x00000044   Code   RO          933    i.CDC_Control_FS    usbd_cdc_if.o
    0x200062f8   0x200062f8   0x00000004   Code   RO          934    i.CDC_DeInit_FS     usbd_cdc_if.o
    0x200062fc   0x200062fc   0x00000024   Code   RO          935    i.CDC_Init_FS       usbd_cdc_if.o
    0x20006320   0x20006320   0x00000028   Code   RO          936    i.CDC_Receive_FS    usbd_cdc_if.o
    0x20006348   0x20006348   0x00000038   Code   RO          937    i.CDC_Transmit_FS   usbd_cdc_if.o
    0x20006380   0x20006380   0x0000001c   Code   RO         1809    i.DCMI_DMAError     stm32f4xx_hal_dcmi.o
    0x2000639c   0x2000639c   0x00000010   Code   RO          993    i.DCMI_IRQHandler   stm32f4xx_it.o
    0x200063ac   0x200063ac   0x00000010   Code   RO          994    i.DMA1_Stream0_IRQHandler  stm32f4xx_it.o
    0x200063bc   0x200063bc   0x00000010   Code   RO          995    i.DMA1_Stream2_IRQHandler  stm32f4xx_it.o
    0x200063cc   0x200063cc   0x00000010   Code   RO          996    i.DMA1_Stream3_IRQHandler  stm32f4xx_it.o
    0x200063dc   0x200063dc   0x00000010   Code   RO          997    i.DMA1_Stream4_IRQHandler  stm32f4xx_it.o
    0x200063ec   0x200063ec   0x00000010   Code   RO          998    i.DMA1_Stream6_IRQHandler  stm32f4xx_it.o
    0x200063fc   0x200063fc   0x00000010   Code   RO          999    i.DMA1_Stream7_IRQHandler  stm32f4xx_it.o
    0x2000640c   0x2000640c   0x00000010   Code   RO         1000    i.DMA2_Stream0_IRQHandler  stm32f4xx_it.o
    0x2000641c   0x2000641c   0x00000010   Code   RO         1001    i.DMA2_Stream3_IRQHandler  stm32f4xx_it.o
    0x2000642c   0x2000642c   0x00000034   Code   RO         4452    i.DMA_CalcBaseAndBitshift  stm32f4xx_hal_dma.o
    0x20006460   0x20006460   0x000000aa   Code   RO         4453    i.DMA_CheckFifoParam  stm32f4xx_hal_dma.o
    0x2000650a   0x2000650a   0x00000002   PAD
    0x2000650c   0x2000650c   0x0000004c   Code   RO         1252    i.DWT_Delay_Init    dwt_stm32_delay.o
    0x20006558   0x20006558   0x00000030   Code   RO          430    i.DWT_Delay_us      i2c.o
    0x20006588   0x20006588   0x00000002   Code   RO         1002    i.DebugMon_Handler  stm32f4xx_it.o
    0x2000658a   0x2000658a   0x0000000a   Code   RO         1003    i.EXTI1_IRQHandler  stm32f4xx_it.o
    0x20006594   0x20006594   0x0000000a   Code   RO         1004    i.EXTI3_IRQHandler  stm32f4xx_it.o
    0x2000659e   0x2000659e   0x0000000c   Code   RO         1005    i.EXTI9_5_IRQHandler  stm32f4xx_it.o
    0x200065aa   0x200065aa   0x00000002   Code   RO         1006    i.FPU_IRQHandler    stm32f4xx_it.o
    0x200065ac   0x200065ac   0x00000002   Code   RO         1815    i.HAL_DCMI_ErrorCallback  stm32f4xx_hal_dcmi.o
    0x200065ae   0x200065ae   0x00000002   Code   RO         1816    i.HAL_DCMI_FrameEventCallback  stm32f4xx_hal_dcmi.o
    0x200065b0   0x200065b0   0x000000b0   Code   RO         1819    i.HAL_DCMI_IRQHandler  stm32f4xx_hal_dcmi.o
    0x20006660   0x20006660   0x00000086   Code   RO         1945    i.HAL_DCMI_Init     stm32f4xx_hal_dcmi_ex.o
    0x200066e6   0x200066e6   0x00000002   Code   RO         1821    i.HAL_DCMI_LineEventCallback  stm32f4xx_hal_dcmi.o
    0x200066e8   0x200066e8   0x000000c4   Code   RO          305    i.HAL_DCMI_MspInit  dcmi.o
    0x200067ac   0x200067ac   0x00000002   Code   RO         1828    i.HAL_DCMI_VsyncEventCallback  stm32f4xx_hal_dcmi.o
    0x200067ae   0x200067ae   0x00000028   Code   RO         4456    i.HAL_DMA_Abort_IT  stm32f4xx_hal_dma.o
    0x200067d6   0x200067d6   0x00000062   Code   RO         4457    i.HAL_DMA_DeInit    stm32f4xx_hal_dma.o
    0x20006838   0x20006838   0x00000240   Code   RO         4460    i.HAL_DMA_IRQHandler  stm32f4xx_hal_dma.o
    0x20006a78   0x20006a78   0x000000ec   Code   RO         4461    i.HAL_DMA_Init      stm32f4xx_hal_dma.o
    0x20006b64   0x20006b64   0x00000028   Code   RO         4879    i.HAL_Delay         stm32f4xx_hal.o
    0x20006b8c   0x20006b8c   0x00000164   Code   RO         4345    i.HAL_GPIO_DeInit   stm32f4xx_hal_gpio.o
    0x20006cf0   0x20006cf0   0x0000003c   Code   RO          266    i.HAL_GPIO_EXTI_Callback  gpio.o
    0x20006d2c   0x20006d2c   0x0000001c   Code   RO         4347    i.HAL_GPIO_EXTI_IRQHandler  stm32f4xx_hal_gpio.o
    0x20006d48   0x20006d48   0x00000200   Code   RO         4348    i.HAL_GPIO_Init     stm32f4xx_hal_gpio.o
    0x20006f48   0x20006f48   0x00000010   Code   RO         4350    i.HAL_GPIO_ReadPin  stm32f4xx_hal_gpio.o
    0x20006f58   0x20006f58   0x00000008   Code   RO         4351    i.HAL_GPIO_TogglePin  stm32f4xx_hal_gpio.o
    0x20006f60   0x20006f60   0x0000000c   Code   RO         4352    i.HAL_GPIO_WritePin  stm32f4xx_hal_gpio.o
    0x20006f6c   0x20006f6c   0x0000000c   Code   RO         4885    i.HAL_GetTick       stm32f4xx_hal.o
    0x20006f78   0x20006f78   0x00000002   Code   RO         1969    i.HAL_I2C_AbortCpltCallback  stm32f4xx_hal_i2c.o
    0x20006f7a   0x20006f7a   0x00000002   Code   RO         1970    i.HAL_I2C_AddrCallback  stm32f4xx_hal_i2c.o
    0x20006f7c   0x20006f7c   0x0000003c   Code   RO         1971    i.HAL_I2C_DeInit    stm32f4xx_hal_i2c.o
    0x20006fb8   0x20006fb8   0x000000e4   Code   RO         1973    i.HAL_I2C_ER_IRQHandler  stm32f4xx_hal_i2c.o
    0x2000709c   0x2000709c   0x00000178   Code   RO         1974    i.HAL_I2C_EV_IRQHandler  stm32f4xx_hal_i2c.o
    0x20007214   0x20007214   0x000000c4   Code   RO          431    i.HAL_I2C_ErrorCallback  i2c.o
    0x200072d8   0x200072d8   0x00000128   Code   RO         1980    i.HAL_I2C_Init      stm32f4xx_hal_i2c.o
    0x20007400   0x20007400   0x00000002   Code   RO         1982    i.HAL_I2C_ListenCpltCallback  stm32f4xx_hal_i2c.o
    0x20007402   0x20007402   0x00000002   Code   RO         1983    i.HAL_I2C_MasterRxCpltCallback  stm32f4xx_hal_i2c.o
    0x20007404   0x20007404   0x00000002   Code   RO         1984    i.HAL_I2C_MasterTxCpltCallback  stm32f4xx_hal_i2c.o
    0x20007406   0x20007406   0x00000002   PAD
    0x20007408   0x20007408   0x00000020   Code   RO          432    i.HAL_I2C_MemRxCpltCallback  i2c.o
    0x20007428   0x20007428   0x0000002c   Code   RO          433    i.HAL_I2C_MemTxCpltCallback  i2c.o
    0x20007454   0x20007454   0x00000328   Code   RO         1996    i.HAL_I2C_Mem_Read  stm32f4xx_hal_i2c.o
    0x2000777c   0x2000777c   0x00000188   Code   RO         1999    i.HAL_I2C_Mem_Write  stm32f4xx_hal_i2c.o
    0x20007904   0x20007904   0x00000084   Code   RO          434    i.HAL_I2C_MspDeInit  i2c.o
    0x20007988   0x20007988   0x000002d0   Code   RO          435    i.HAL_I2C_MspInit   i2c.o
    0x20007c58   0x20007c58   0x00000002   Code   RO         2004    i.HAL_I2C_SlaveRxCpltCallback  stm32f4xx_hal_i2c.o
    0x20007c5a   0x20007c5a   0x00000002   Code   RO         2005    i.HAL_I2C_SlaveTxCpltCallback  stm32f4xx_hal_i2c.o
    0x20007c5c   0x20007c5c   0x00000018   Code   RO         4889    i.HAL_IncTick       stm32f4xx_hal.o
    0x20007c74   0x20007c74   0x0000003c   Code   RO         4890    i.HAL_Init          stm32f4xx_hal.o
    0x20007cb0   0x20007cb0   0x0000008c   Code   RO         1212    i.HAL_InitTick      stm32f4xx_hal_timebase_tim.o
    0x20007d3c   0x20007d3c   0x000000ac   Code   RO         1188    i.HAL_MspInit       stm32f4xx_hal_msp.o
    0x20007de8   0x20007de8   0x0000001c   Code   RO         4736    i.HAL_NVIC_DisableIRQ  stm32f4xx_hal_cortex.o
    0x20007e04   0x20007e04   0x0000001a   Code   RO         4737    i.HAL_NVIC_EnableIRQ  stm32f4xx_hal_cortex.o
    0x20007e1e   0x20007e1e   0x0000007c   Code   RO         4743    i.HAL_NVIC_SetPriority  stm32f4xx_hal_cortex.o
    0x20007e9a   0x20007e9a   0x00000002   PAD
    0x20007e9c   0x20007e9c   0x00000028   Code   RO         4744    i.HAL_NVIC_SetPriorityGrouping  stm32f4xx_hal_cortex.o
    0x20007ec4   0x20007ec4   0x0000000a   Code   RO         1491    i.HAL_PCDEx_SetRxFiFo  stm32f4xx_hal_pcd_ex.o
    0x20007ece   0x20007ece   0x00000052   Code   RO         1492    i.HAL_PCDEx_SetTxFiFo  stm32f4xx_hal_pcd_ex.o
    0x20007f20   0x20007f20   0x0000000e   Code   RO          677    i.HAL_PCD_ConnectCallback  usbd_conf.o
    0x20007f2e   0x20007f2e   0x00000020   Code   RO          678    i.HAL_PCD_DataInStageCallback  usbd_conf.o
    0x20007f4e   0x20007f4e   0x00000020   Code   RO          679    i.HAL_PCD_DataOutStageCallback  usbd_conf.o
    0x20007f6e   0x20007f6e   0x0000000e   Code   RO          680    i.HAL_PCD_DisconnectCallback  usbd_conf.o
    0x20007f7c   0x20007f7c   0x0000006a   Code   RO         1285    i.HAL_PCD_EP_Close  stm32f4xx_hal_pcd.o
    0x20007fe6   0x20007fe6   0x00000068   Code   RO         1286    i.HAL_PCD_EP_ClrStall  stm32f4xx_hal_pcd.o
    0x2000804e   0x2000804e   0x00000018   Code   RO         1288    i.HAL_PCD_EP_GetRxCount  stm32f4xx_hal_pcd.o
    0x20008066   0x20008066   0x0000008c   Code   RO         1289    i.HAL_PCD_EP_Open   stm32f4xx_hal_pcd.o
    0x200080f2   0x200080f2   0x00000058   Code   RO         1290    i.HAL_PCD_EP_Receive  stm32f4xx_hal_pcd.o
    0x2000814a   0x2000814a   0x0000007a   Code   RO         1291    i.HAL_PCD_EP_SetStall  stm32f4xx_hal_pcd.o
    0x200081c4   0x200081c4   0x0000005a   Code   RO         1292    i.HAL_PCD_EP_Transmit  stm32f4xx_hal_pcd.o
    0x2000821e   0x2000821e   0x00000002   PAD
    0x20008220   0x20008220   0x00000694   Code   RO         1294    i.HAL_PCD_IRQHandler  stm32f4xx_hal_pcd.o
    0x200088b4   0x200088b4   0x00000012   Code   RO          681    i.HAL_PCD_ISOINIncompleteCallback  usbd_conf.o
    0x200088c6   0x200088c6   0x00000012   Code   RO          682    i.HAL_PCD_ISOOUTIncompleteCallback  usbd_conf.o
    0x200088d8   0x200088d8   0x00000142   Code   RO         1297    i.HAL_PCD_Init      stm32f4xx_hal_pcd.o
    0x20008a1a   0x20008a1a   0x00000002   PAD
    0x20008a1c   0x20008a1c   0x0000007c   Code   RO          684    i.HAL_PCD_MspInit   usbd_conf.o
    0x20008a98   0x20008a98   0x00000032   Code   RO          685    i.HAL_PCD_ResetCallback  usbd_conf.o
    0x20008aca   0x20008aca   0x0000000e   Code   RO          686    i.HAL_PCD_ResumeCallback  usbd_conf.o
    0x20008ad8   0x20008ad8   0x0000000e   Code   RO          687    i.HAL_PCD_SOFCallback  usbd_conf.o
    0x20008ae6   0x20008ae6   0x00000032   Code   RO         1303    i.HAL_PCD_SetAddress  stm32f4xx_hal_pcd.o
    0x20008b18   0x20008b18   0x00000012   Code   RO          688    i.HAL_PCD_SetupStageCallback  usbd_conf.o
    0x20008b2a   0x20008b2a   0x00000034   Code   RO         1305    i.HAL_PCD_Start     stm32f4xx_hal_pcd.o
    0x20008b5e   0x20008b5e   0x00000002   PAD
    0x20008b60   0x20008b60   0x00000034   Code   RO          689    i.HAL_PCD_SuspendCallback  usbd_conf.o
    0x20008b94   0x20008b94   0x00000180   Code   RO         3949    i.HAL_RCC_ClockConfig  stm32f4xx_hal_rcc.o
    0x20008d14   0x20008d14   0x00000044   Code   RO         3953    i.HAL_RCC_GetClockConfig  stm32f4xx_hal_rcc.o
    0x20008d58   0x20008d58   0x0000000c   Code   RO         3954    i.HAL_RCC_GetHCLKFreq  stm32f4xx_hal_rcc.o
    0x20008d64   0x20008d64   0x00000020   Code   RO         3956    i.HAL_RCC_GetPCLK1Freq  stm32f4xx_hal_rcc.o
    0x20008d84   0x20008d84   0x00000020   Code   RO         3957    i.HAL_RCC_GetPCLK2Freq  stm32f4xx_hal_rcc.o
    0x20008da4   0x20008da4   0x000000b0   Code   RO         3958    i.HAL_RCC_GetSysClockFreq  stm32f4xx_hal_rcc.o
    0x20008e54   0x20008e54   0x00000448   Code   RO         3961    i.HAL_RCC_OscConfig  stm32f4xx_hal_rcc.o
    0x2000929c   0x2000929c   0x00000002   Code   RO         2427    i.HAL_SPI_ErrorCallback  stm32f4xx_hal_spi.o
    0x2000929e   0x2000929e   0x00000002   PAD
    0x200092a0   0x200092a0   0x00000138   Code   RO         2430    i.HAL_SPI_IRQHandler  stm32f4xx_hal_spi.o
    0x200093d8   0x200093d8   0x0000008c   Code   RO         2431    i.HAL_SPI_Init      stm32f4xx_hal_spi.o
    0x20009464   0x20009464   0x00000208   Code   RO          534    i.HAL_SPI_MspInit   spi.o
    0x2000966c   0x2000966c   0x00000028   Code   RO         4746    i.HAL_SYSTICK_CLKSourceConfig  stm32f4xx_hal_cortex.o
    0x20009694   0x20009694   0x00000034   Code   RO         4748    i.HAL_SYSTICK_Config  stm32f4xx_hal_cortex.o
    0x200096c8   0x200096c8   0x00000002   Code   RO         3378    i.HAL_TIMEx_BreakCallback  stm32f4xx_hal_tim_ex.o
    0x200096ca   0x200096ca   0x00000002   Code   RO         3379    i.HAL_TIMEx_CommutationCallback  stm32f4xx_hal_tim_ex.o
    0x200096cc   0x200096cc   0x00000034   Code   RO         2739    i.HAL_TIM_Base_Init  stm32f4xx_hal_tim.o
    0x20009700   0x20009700   0x00000002   Code   RO         2741    i.HAL_TIM_Base_MspInit  stm32f4xx_hal_tim.o
    0x20009702   0x20009702   0x0000001e   Code   RO         2744    i.HAL_TIM_Base_Start_IT  stm32f4xx_hal_tim.o
    0x20009720   0x20009720   0x00000002   Code   RO         2768    i.HAL_TIM_IC_CaptureCallback  stm32f4xx_hal_tim.o
    0x20009722   0x20009722   0x00000196   Code   RO         2781    i.HAL_TIM_IRQHandler  stm32f4xx_hal_tim.o
    0x200098b8   0x200098b8   0x00000002   Code   RO         2784    i.HAL_TIM_OC_DelayElapsedCallback  stm32f4xx_hal_tim.o
    0x200098ba   0x200098ba   0x00000002   Code   RO         2811    i.HAL_TIM_PWM_PulseFinishedCallback  stm32f4xx_hal_tim.o
    0x200098bc   0x200098bc   0x00000018   Code   RO           13    i.HAL_TIM_PeriodElapsedCallback  main.o
    0x200098d4   0x200098d4   0x00000002   Code   RO         2822    i.HAL_TIM_TriggerCallback  stm32f4xx_hal_tim.o
    0x200098d6   0x200098d6   0x00000002   Code   RO         3638    i.HAL_UART_ErrorCallback  stm32f4xx_hal_uart.o
    0x200098d8   0x200098d8   0x0000014c   Code   RO         3641    i.HAL_UART_IRQHandler  stm32f4xx_hal_uart.o
    0x20009a24   0x20009a24   0x00000072   Code   RO         3642    i.HAL_UART_Init     stm32f4xx_hal_uart.o
    0x20009a96   0x20009a96   0x00000002   PAD
    0x20009a98   0x20009a98   0x0000006c   Code   RO          582    i.HAL_UART_MspInit  usart.o
    0x20009b04   0x20009b04   0x00000002   Code   RO         3648    i.HAL_UART_RxCpltCallback  stm32f4xx_hal_uart.o
    0x20009b06   0x20009b06   0x00000058   Code   RO         3652    i.HAL_UART_Transmit_IT  stm32f4xx_hal_uart.o
    0x20009b5e   0x20009b5e   0x00000002   PAD
    0x20009b60   0x20009b60   0x00000020   Code   RO         5080    i.HAL_UART_TxCpltCallback  motoctrl.o
    0x20009b80   0x20009b80   0x00000004   Code   RO         1007    i.HardFault_Handler  stm32f4xx_it.o
    0x20009b84   0x20009b84   0x00000010   Code   RO         1008    i.I2C1_ER_IRQHandler  stm32f4xx_it.o
    0x20009b94   0x20009b94   0x00000010   Code   RO         1009    i.I2C1_EV_IRQHandler  stm32f4xx_it.o
    0x20009ba4   0x20009ba4   0x00000010   Code   RO         1010    i.I2C2_ER_IRQHandler  stm32f4xx_it.o
    0x20009bb4   0x20009bb4   0x00000010   Code   RO         1011    i.I2C2_EV_IRQHandler  stm32f4xx_it.o
    0x20009bc4   0x20009bc4   0x0000000c   Code   RO          436    i.I2CError          i2c.o
    0x20009bd0   0x20009bd0   0x0000005c   Code   RO          437    i.I2CFreertosInit   i2c.o
    0x20009c2c   0x20009c2c   0x00000068   Code   RO         2014    i.I2C_DMAAbort      stm32f4xx_hal_i2c.o
    0x20009c94   0x20009c94   0x00000170   Code   RO         2017    i.I2C_ITError       stm32f4xx_hal_i2c.o
    0x20009e04   0x20009e04   0x00000034   Code   RO         2018    i.I2C_IsAcknowledgeFailed  stm32f4xx_hal_i2c.o
    0x20009e38   0x20009e38   0x00000110   Code   RO         2019    i.I2C_MasterReceive_BTF  stm32f4xx_hal_i2c.o
    0x20009f48   0x20009f48   0x000000a0   Code   RO         2020    i.I2C_MasterReceive_RXNE  stm32f4xx_hal_i2c.o
    0x20009fe8   0x20009fe8   0x000000a0   Code   RO         2023    i.I2C_MasterTransmit_BTF  stm32f4xx_hal_i2c.o
    0x2000a088   0x2000a088   0x0000014a   Code   RO         2024    i.I2C_MasterTransmit_TXE  stm32f4xx_hal_i2c.o
    0x2000a1d2   0x2000a1d2   0x0000000e   Code   RO         2025    i.I2C_Master_ADD10  stm32f4xx_hal_i2c.o
    0x2000a1e0   0x2000a1e0   0x0000022e   Code   RO         2026    i.I2C_Master_ADDR   stm32f4xx_hal_i2c.o
    0x2000a40e   0x2000a40e   0x00000082   Code   RO         2027    i.I2C_Master_SB     stm32f4xx_hal_i2c.o
    0x2000a490   0x2000a490   0x00000158   Code   RO         2028    i.I2C_RequestMemoryRead  stm32f4xx_hal_i2c.o
    0x2000a5e8   0x2000a5e8   0x000000e0   Code   RO         2029    i.I2C_RequestMemoryWrite  stm32f4xx_hal_i2c.o
    0x2000a6c8   0x2000a6c8   0x0000001e   Code   RO         2030    i.I2C_SlaveReceive_BTF  stm32f4xx_hal_i2c.o
    0x2000a6e6   0x2000a6e6   0x00000048   Code   RO         2031    i.I2C_SlaveReceive_RXNE  stm32f4xx_hal_i2c.o
    0x2000a72e   0x2000a72e   0x0000001c   Code   RO         2032    i.I2C_SlaveTransmit_BTF  stm32f4xx_hal_i2c.o
    0x2000a74a   0x2000a74a   0x00000046   Code   RO         2033    i.I2C_SlaveTransmit_TXE  stm32f4xx_hal_i2c.o
    0x2000a790   0x2000a790   0x00000036   Code   RO         2034    i.I2C_Slave_ADDR    stm32f4xx_hal_i2c.o
    0x2000a7c6   0x2000a7c6   0x00000002   PAD
    0x2000a7c8   0x2000a7c8   0x000000a4   Code   RO         2035    i.I2C_Slave_AF      stm32f4xx_hal_i2c.o
    0x2000a86c   0x2000a86c   0x00000110   Code   RO         2036    i.I2C_Slave_STOPF   stm32f4xx_hal_i2c.o
    0x2000a97c   0x2000a97c   0x00000056   Code   RO         2037    i.I2C_WaitOnBTFFlagUntilTimeout  stm32f4xx_hal_i2c.o
    0x2000a9d2   0x2000a9d2   0x0000007c   Code   RO         2038    i.I2C_WaitOnFlagUntilTimeout  stm32f4xx_hal_i2c.o
    0x2000aa4e   0x2000aa4e   0x000000ac   Code   RO         2039    i.I2C_WaitOnMasterAddressFlagUntilTimeout  stm32f4xx_hal_i2c.o
    0x2000aafa   0x2000aafa   0x0000006e   Code   RO         2040    i.I2C_WaitOnRXNEFlagUntilTimeout  stm32f4xx_hal_i2c.o
    0x2000ab68   0x2000ab68   0x00000056   Code   RO         2042    i.I2C_WaitOnTXEFlagUntilTimeout  stm32f4xx_hal_i2c.o
    0x2000abbe   0x2000abbe   0x00000002   PAD
    0x2000abc0   0x2000abc0   0x0000003c   Code   RO         5258    i.MPU9250FreertosInit  mpu9250.o
    0x2000abfc   0x2000abfc   0x0000000a   Code   RO         5259    i.MPU9250Task       mpu9250.o
    0x2000ac06   0x2000ac06   0x00000002   PAD
    0x2000ac08   0x2000ac08   0x00000044   Code   RO          306    i.MX_DCMI_Init      dcmi.o
    0x2000ac4c   0x2000ac4c   0x000000c8   Code   RO          346    i.MX_DMA_Init       dma.o
    0x2000ad14   0x2000ad14   0x00000034   Code   RO          370    i.MX_FREERTOS_Init  freertos.o
    0x2000ad48   0x2000ad48   0x00000238   Code   RO          267    i.MX_GPIO_Init      gpio.o
    0x2000af80   0x2000af80   0x00000054   Code   RO          438    i.MX_I2C1_Init      i2c.o
    0x2000afd4   0x2000afd4   0x00000054   Code   RO          439    i.MX_I2C2_Init      i2c.o
    0x2000b028   0x2000b028   0x00000058   Code   RO          535    i.MX_SPI1_Init      spi.o
    0x2000b080   0x2000b080   0x00000058   Code   RO          536    i.MX_SPI2_Init      spi.o
    0x2000b0d8   0x2000b0d8   0x0000004c   Code   RO          583    i.MX_UART4_Init     usart.o
    0x2000b124   0x2000b124   0x00000034   Code   RO          623    i.MX_USB_DEVICE_Init  usb_device.o
    0x2000b158   0x2000b158   0x00000004   Code   RO         1012    i.MemManage_Handler  stm32f4xx_it.o
    0x2000b15c   0x2000b15c   0x0000003c   Code   RO         5081    i.MotoCtrlFreertosInit  motoctrl.o
    0x2000b198   0x2000b198   0x00000070   Code   RO         5082    i.MotoCtrlTask      motoctrl.o
    0x2000b208   0x2000b208   0x00000002   Code   RO         1013    i.NMI_Handler       stm32f4xx_it.o
    0x2000b20a   0x2000b20a   0x00000002   PAD
    0x2000b20c   0x2000b20c   0x00000010   Code   RO         4750    i.NVIC_GetPriorityGrouping  stm32f4xx_hal_cortex.o
    0x2000b21c   0x2000b21c   0x00000028   Code   RO         4751    i.NVIC_SetPriority  stm32f4xx_hal_cortex.o
    0x2000b244   0x2000b244   0x00000010   Code   RO         1014    i.OTG_FS_IRQHandler  stm32f4xx_it.o
    0x2000b254   0x2000b254   0x000000a2   Code   RO         1308    i.PCD_WriteEmptyTxFifo  stm32f4xx_hal_pcd.o
    0x2000b2f6   0x2000b2f6   0x00000002   PAD
    0x2000b2f8   0x2000b2f8   0x00000048   Code   RO         6677    i.SEGGER_RTT_Write  segger_rtt.o
    0x2000b340   0x2000b340   0x00000084   Code   RO         6678    i.SEGGER_RTT_WriteNoLock  segger_rtt.o
    0x2000b3c4   0x2000b3c4   0x00000022   Code   RO         6820    i.SEGGER_RTT_printf  segger_rtt_printf.o
    0x2000b3e6   0x2000b3e6   0x0000020a   Code   RO         6821    i.SEGGER_RTT_vprintf  segger_rtt_printf.o
    0x2000b5f0   0x2000b5f0   0x00000010   Code   RO         1015    i.SPI1_IRQHandler   stm32f4xx_it.o
    0x2000b600   0x2000b600   0x00000010   Code   RO         1016    i.SPI2_IRQHandler   stm32f4xx_it.o
    0x2000b610   0x2000b610   0x00000014   Code   RO         2459    i.SPI_DMAAbortOnError  stm32f4xx_hal_spi.o
    0x2000b624   0x2000b624   0x00000174   Code   RO         5085    i.SpeedYCtrl        motoctrl.o
    0x2000b798   0x2000b798   0x00000034   Code   RO         5086    i.SpeedYCtrl_init   motoctrl.o
    0x2000b7cc   0x2000b7cc   0x0000000e   Code   RO          371    i.StartTask         freertos.o
    0x2000b7da   0x2000b7da   0x00000008   Code   RO         1017    i.SysTick_Handler   stm32f4xx_it.o
    0x2000b7e2   0x2000b7e2   0x00000002   PAD
    0x2000b7e4   0x2000b7e4   0x000000d8   Code   RO           14    i.SystemClock_Config  main.o
    0x2000b8bc   0x2000b8bc   0x00000064   Code   RO         5044    i.SystemInit        system_stm32f4xx.o
    0x2000b920   0x2000b920   0x00000010   Code   RO         1018    i.TIM8_TRG_COM_TIM14_IRQHandler  stm32f4xx_it.o
    0x2000b930   0x2000b930   0x000000e4   Code   RO         2823    i.TIM_Base_SetConfig  stm32f4xx_hal_tim.o
    0x2000ba14   0x2000ba14   0x00000010   Code   RO         1019    i.UART4_IRQHandler  stm32f4xx_it.o
    0x2000ba24   0x2000ba24   0x00000014   Code   RO         3655    i.UART_DMAAbortOnError  stm32f4xx_hal_uart.o
    0x2000ba38   0x2000ba38   0x00000020   Code   RO         3665    i.UART_EndRxTransfer  stm32f4xx_hal_uart.o
    0x2000ba58   0x2000ba58   0x00000020   Code   RO         3666    i.UART_EndTransmit_IT  stm32f4xx_hal_uart.o
    0x2000ba78   0x2000ba78   0x0000009a   Code   RO         3668    i.UART_Receive_IT   stm32f4xx_hal_uart.o
    0x2000bb12   0x2000bb12   0x00000002   PAD
    0x2000bb14   0x2000bb14   0x00000368   Code   RO         3669    i.UART_SetConfig    stm32f4xx_hal_uart.o
    0x2000be7c   0x2000be7c   0x00000068   Code   RO         3670    i.UART_Transmit_IT  stm32f4xx_hal_uart.o
    0x2000bee4   0x2000bee4   0x0000001a   Code   RO         9088    i.USBD_CDC_DataIn   usbd_cdc.o
    0x2000befe   0x2000befe   0x00000034   Code   RO         9089    i.USBD_CDC_DataOut  usbd_cdc.o
    0x2000bf32   0x2000bf32   0x00000040   Code   RO         9090    i.USBD_CDC_DeInit   usbd_cdc.o
    0x2000bf72   0x2000bf72   0x00000032   Code   RO         9091    i.USBD_CDC_EP0_RxReady  usbd_cdc.o
    0x2000bfa4   0x2000bfa4   0x00000010   Code   RO         9092    i.USBD_CDC_GetDeviceQualifierDescriptor  usbd_cdc.o
    0x2000bfb4   0x2000bfb4   0x00000010   Code   RO         9093    i.USBD_CDC_GetFSCfgDesc  usbd_cdc.o
    0x2000bfc4   0x2000bfc4   0x00000010   Code   RO         9094    i.USBD_CDC_GetHSCfgDesc  usbd_cdc.o
    0x2000bfd4   0x2000bfd4   0x00000010   Code   RO         9095    i.USBD_CDC_GetOtherSpeedCfgDesc  usbd_cdc.o
    0x2000bfe4   0x2000bfe4   0x000000a6   Code   RO         9096    i.USBD_CDC_Init     usbd_cdc.o
    0x2000c08a   0x2000c08a   0x0000003a   Code   RO         9097    i.USBD_CDC_ReceivePacket  usbd_cdc.o
    0x2000c0c4   0x2000c0c4   0x0000000e   Code   RO         9098    i.USBD_CDC_RegisterInterface  usbd_cdc.o
    0x2000c0d2   0x2000c0d2   0x0000000e   Code   RO         9099    i.USBD_CDC_SetRxBuffer  usbd_cdc.o
    0x2000c0e0   0x2000c0e0   0x00000014   Code   RO         9100    i.USBD_CDC_SetTxBuffer  usbd_cdc.o
    0x2000c0f4   0x2000c0f4   0x00000090   Code   RO         9101    i.USBD_CDC_Setup    usbd_cdc.o
    0x2000c184   0x2000c184   0x00000038   Code   RO         9102    i.USBD_CDC_TransmitPacket  usbd_cdc.o
    0x2000c1bc   0x2000c1bc   0x00000016   Code   RO         8795    i.USBD_ClrClassConfig  usbd_core.o
    0x2000c1d2   0x2000c1d2   0x00000044   Code   RO         8933    i.USBD_ClrFeature   usbd_ctlreq.o
    0x2000c216   0x2000c216   0x00000018   Code   RO         9028    i.USBD_CtlContinueRx  usbd_ioreq.o
    0x2000c22e   0x2000c22e   0x00000018   Code   RO         9029    i.USBD_CtlContinueSendData  usbd_ioreq.o
    0x2000c246   0x2000c246   0x00000018   Code   RO         8934    i.USBD_CtlError     usbd_ctlreq.o
    0x2000c25e   0x2000c25e   0x00000028   Code   RO         9030    i.USBD_CtlPrepareRx  usbd_ioreq.o
    0x2000c286   0x2000c286   0x0000001a   Code   RO         9031    i.USBD_CtlReceiveStatus  usbd_ioreq.o
    0x2000c2a0   0x2000c2a0   0x00000022   Code   RO         9032    i.USBD_CtlSendData  usbd_ioreq.o
    0x2000c2c2   0x2000c2c2   0x0000001a   Code   RO         9033    i.USBD_CtlSendStatus  usbd_ioreq.o
    0x2000c2dc   0x2000c2dc   0x00000034   Code   RO          866    i.USBD_FS_ConfigStrDescriptor  usbd_desc.o
    0x2000c310   0x2000c310   0x00000010   Code   RO          867    i.USBD_FS_DeviceDescriptor  usbd_desc.o
    0x2000c320   0x2000c320   0x00000038   Code   RO          868    i.USBD_FS_InterfaceStrDescriptor  usbd_desc.o
    0x2000c358   0x2000c358   0x00000010   Code   RO          869    i.USBD_FS_LangIDStrDescriptor  usbd_desc.o
    0x2000c368   0x2000c368   0x0000002c   Code   RO          870    i.USBD_FS_ManufacturerStrDescriptor  usbd_desc.o
    0x2000c394   0x2000c394   0x00000040   Code   RO          871    i.USBD_FS_ProductStrDescriptor  usbd_desc.o
    0x2000c3d4   0x2000c3d4   0x00000038   Code   RO          872    i.USBD_FS_SerialStrDescriptor  usbd_desc.o
    0x2000c40c   0x2000c40c   0x00000050   Code   RO         8935    i.USBD_GetConfig    usbd_ctlreq.o
    0x2000c45c   0x2000c45c   0x00000148   Code   RO         8936    i.USBD_GetDescriptor  usbd_ctlreq.o
    0x2000c5a4   0x2000c5a4   0x00000014   Code   RO         8937    i.USBD_GetLen       usbd_ctlreq.o
    0x2000c5b8   0x2000c5b8   0x00000044   Code   RO         8938    i.USBD_GetStatus    usbd_ctlreq.o
    0x2000c5fc   0x2000c5fc   0x00000052   Code   RO         8939    i.USBD_GetString    usbd_ctlreq.o
    0x2000c64e   0x2000c64e   0x00000032   Code   RO         8797    i.USBD_Init         usbd_core.o
    0x2000c680   0x2000c680   0x00000044   Code   RO          690    i.USBD_LL_ClearStallEP  usbd_conf.o
    0x2000c6c4   0x2000c6c4   0x00000044   Code   RO          691    i.USBD_LL_CloseEP   usbd_conf.o
    0x2000c708   0x2000c708   0x000000da   Code   RO         8798    i.USBD_LL_DataInStage  usbd_core.o
    0x2000c7e2   0x2000c7e2   0x00000086   Code   RO         8799    i.USBD_LL_DataOutStage  usbd_core.o
    0x2000c868   0x2000c868   0x00000006   Code   RO         8800    i.USBD_LL_DevConnected  usbd_core.o
    0x2000c86e   0x2000c86e   0x0000001a   Code   RO         8801    i.USBD_LL_DevDisconnected  usbd_core.o
    0x2000c888   0x2000c888   0x00000012   Code   RO          695    i.USBD_LL_GetRxDataSize  usbd_conf.o
    0x2000c89a   0x2000c89a   0x00000002   PAD
    0x2000c89c   0x2000c89c   0x00000084   Code   RO          696    i.USBD_LL_Init      usbd_conf.o
    0x2000c920   0x2000c920   0x00000038   Code   RO          697    i.USBD_LL_IsStallEP  usbd_conf.o
    0x2000c958   0x2000c958   0x00000006   Code   RO         8802    i.USBD_LL_IsoINIncomplete  usbd_core.o
    0x2000c95e   0x2000c95e   0x00000006   Code   RO         8803    i.USBD_LL_IsoOUTIncomplete  usbd_core.o
    0x2000c964   0x2000c964   0x00000062   Code   RO          698    i.USBD_LL_OpenEP    usbd_conf.o
    0x2000c9c6   0x2000c9c6   0x00000062   Code   RO          699    i.USBD_LL_PrepareReceive  usbd_conf.o
    0x2000ca28   0x2000ca28   0x00000044   Code   RO         8804    i.USBD_LL_Reset     usbd_core.o
    0x2000ca6c   0x2000ca6c   0x0000000e   Code   RO         8805    i.USBD_LL_Resume    usbd_core.o
    0x2000ca7a   0x2000ca7a   0x00000022   Code   RO         8806    i.USBD_LL_SOF       usbd_core.o
    0x2000ca9c   0x2000ca9c   0x00000008   Code   RO         8807    i.USBD_LL_SetSpeed  usbd_core.o
    0x2000caa4   0x2000caa4   0x00000044   Code   RO          700    i.USBD_LL_SetUSBAddress  usbd_conf.o
    0x2000cae8   0x2000cae8   0x0000006e   Code   RO         8808    i.USBD_LL_SetupStage  usbd_core.o
    0x2000cb56   0x2000cb56   0x00000044   Code   RO          701    i.USBD_LL_StallEP   usbd_conf.o
    0x2000cb9a   0x2000cb9a   0x0000003c   Code   RO          702    i.USBD_LL_Start     usbd_conf.o
    0x2000cbd6   0x2000cbd6   0x00000014   Code   RO         8809    i.USBD_LL_Suspend   usbd_core.o
    0x2000cbea   0x2000cbea   0x00000062   Code   RO          704    i.USBD_LL_Transmit  usbd_conf.o
    0x2000cc4c   0x2000cc4c   0x00000028   Code   RO         8940    i.USBD_ParseSetupRequest  usbd_ctlreq.o
    0x2000cc74   0x2000cc74   0x00000010   Code   RO         8810    i.USBD_RegisterClass  usbd_core.o
    0x2000cc84   0x2000cc84   0x00000006   Code   RO         8811    i.USBD_RunTestMode  usbd_core.o
    0x2000cc8a   0x2000cc8a   0x00000054   Code   RO         8941    i.USBD_SetAddress   usbd_ctlreq.o
    0x2000ccde   0x2000ccde   0x00000022   Code   RO         8812    i.USBD_SetClassConfig  usbd_core.o
    0x2000cd00   0x2000cd00   0x000000e0   Code   RO         8942    i.USBD_SetConfig    usbd_ctlreq.o
    0x2000cde0   0x2000cde0   0x00000024   Code   RO         8943    i.USBD_SetFeature   usbd_ctlreq.o
    0x2000ce04   0x2000ce04   0x0000000e   Code   RO         8813    i.USBD_Start        usbd_core.o
    0x2000ce12   0x2000ce12   0x00000072   Code   RO         8944    i.USBD_StdDevReq    usbd_ctlreq.o
    0x2000ce84   0x2000ce84   0x00000156   Code   RO         8945    i.USBD_StdEPReq     usbd_ctlreq.o
    0x2000cfda   0x2000cfda   0x0000004a   Code   RO         8946    i.USBD_StdItfReq    usbd_ctlreq.o
    0x2000d024   0x2000d024   0x000000c4   Code   RO         1522    i.USB_ActivateEndpoint  stm32f4xx_ll_usb.o
    0x2000d0e8   0x2000d0e8   0x00000044   Code   RO         1523    i.USB_ActivateSetup  stm32f4xx_ll_usb.o
    0x2000d12c   0x2000d12c   0x00000070   Code   RO         1525    i.USB_CoreInit      stm32f4xx_ll_usb.o
    0x2000d19c   0x2000d19c   0x0000004c   Code   RO         1526    i.USB_CoreReset     stm32f4xx_ll_usb.o
    0x2000d1e8   0x2000d1e8   0x0000010c   Code   RO         1528    i.USB_DeactivateEndpoint  stm32f4xx_ll_usb.o
    0x2000d2f4   0x2000d2f4   0x0000001e   Code   RO         1529    i.USB_DevConnect    stm32f4xx_ll_usb.o
    0x2000d312   0x2000d312   0x0000001e   Code   RO         1530    i.USB_DevDisconnect  stm32f4xx_ll_usb.o
    0x2000d330   0x2000d330   0x000001a0   Code   RO         1531    i.USB_DevInit       stm32f4xx_ll_usb.o
    0x2000d4d0   0x2000d4d0   0x0000000e   Code   RO         1532    i.USB_DisableGlobalInt  stm32f4xx_ll_usb.o
    0x2000d4de   0x2000d4de   0x00000002   PAD
    0x2000d4e0   0x2000d4e0   0x000001ac   Code   RO         1535    i.USB_EP0StartXfer  stm32f4xx_ll_usb.o
    0x2000d68c   0x2000d68c   0x00000044   Code   RO         1536    i.USB_EP0_OutStart  stm32f4xx_ll_usb.o
    0x2000d6d0   0x2000d6d0   0x00000088   Code   RO         1537    i.USB_EPClearStall  stm32f4xx_ll_usb.o
    0x2000d758   0x2000d758   0x0000008c   Code   RO         1538    i.USB_EPSetStall    stm32f4xx_ll_usb.o
    0x2000d7e4   0x2000d7e4   0x000002d0   Code   RO         1539    i.USB_EPStartXfer   stm32f4xx_ll_usb.o
    0x2000dab4   0x2000dab4   0x0000000e   Code   RO         1540    i.USB_EnableGlobalInt  stm32f4xx_ll_usb.o
    0x2000dac2   0x2000dac2   0x00000002   PAD
    0x2000dac4   0x2000dac4   0x0000002c   Code   RO         1541    i.USB_FlushRxFifo   stm32f4xx_ll_usb.o
    0x2000daf0   0x2000daf0   0x00000030   Code   RO         1542    i.USB_FlushTxFifo   stm32f4xx_ll_usb.o
    0x2000db20   0x2000db20   0x00000044   Code   RO         1544    i.USB_GetDevSpeed   stm32f4xx_ll_usb.o
    0x2000db64   0x2000db64   0x0000000a   Code   RO         1546    i.USB_GetMode       stm32f4xx_ll_usb.o
    0x2000db6e   0x2000db6e   0x00000012   Code   RO         1553    i.USB_ReadDevAllInEpInterrupt  stm32f4xx_ll_usb.o
    0x2000db80   0x2000db80   0x00000012   Code   RO         1554    i.USB_ReadDevAllOutEpInterrupt  stm32f4xx_ll_usb.o
    0x2000db92   0x2000db92   0x0000002c   Code   RO         1555    i.USB_ReadDevInEPInterrupt  stm32f4xx_ll_usb.o
    0x2000dbbe   0x2000dbbe   0x00000016   Code   RO         1556    i.USB_ReadDevOutEPInterrupt  stm32f4xx_ll_usb.o
    0x2000dbd4   0x2000dbd4   0x0000000c   Code   RO         1557    i.USB_ReadInterrupts  stm32f4xx_ll_usb.o
    0x2000dbe0   0x2000dbe0   0x00000022   Code   RO         1558    i.USB_ReadPacket    stm32f4xx_ll_usb.o
    0x2000dc02   0x2000dc02   0x00000030   Code   RO         1560    i.USB_SetCurrentMode  stm32f4xx_ll_usb.o
    0x2000dc32   0x2000dc32   0x00000024   Code   RO         1561    i.USB_SetDevAddress  stm32f4xx_ll_usb.o
    0x2000dc56   0x2000dc56   0x00000010   Code   RO         1562    i.USB_SetDevSpeed   stm32f4xx_ll_usb.o
    0x2000dc66   0x2000dc66   0x00000030   Code   RO         1565    i.USB_WritePacket   stm32f4xx_ll_usb.o
    0x2000dc96   0x2000dc96   0x00000004   Code   RO         1020    i.UsageFault_Handler  stm32f4xx_it.o
    0x2000dc9a   0x2000dc9a   0x00000002   PAD
    0x2000dc9c   0x2000dc9c   0x00000070   Code   RO         6682    i._DoInit           segger_rtt.o
    0x2000dd0c   0x2000dd0c   0x00000018   Code   RO           15    i._Error_Handler    main.o
    0x2000dd24   0x2000dd24   0x0000001c   Code   RO         6683    i._GetAvailWriteSpace  segger_rtt.o
    0x2000dd40   0x2000dd40   0x000000bc   Code   RO         7479    i._MLPrintLog       log_stm32.o
    0x2000ddfc   0x2000ddfc   0x000000ec   Code   RO         6822    i._PrintInt         segger_rtt_printf.o
    0x2000dee8   0x2000dee8   0x000000ec   Code   RO         6823    i._PrintUnsigned    segger_rtt_printf.o
    0x2000dfd4   0x2000dfd4   0x00000044   Code   RO         6824    i._StoreChar        segger_rtt_printf.o
    0x2000e018   0x2000e018   0x00000072   Code   RO         6685    i._WriteBlocking    segger_rtt.o
    0x2000e08a   0x2000e08a   0x0000004c   Code   RO         6686    i._WriteNoCheck     segger_rtt.o
    0x2000e0d6   0x2000e0d6   0x00000002   PAD
    0x2000e0d8   0x2000e0d8   0x00000024   Code   RO         9716    i.__0vsprintf       mc_w.l(printfa.o)
    0x2000e0fc   0x2000e0fc   0x00000030   Code   RO         9808    i.__ARM_fpclassify  m_wm.l(fpclassify.o)
    0x2000e12c   0x2000e12c   0x00000026   Code   RO         9810    i.__ARM_fpclassifyf  m_wm.l(fpclassifyf.o)
    0x2000e152   0x2000e152   0x00000002   PAD
    0x2000e154   0x2000e154   0x00000118   Code   RO         9488    i.__hardfp_acosf    m_wm.l(acosf.o)
    0x2000e26c   0x2000e26c   0x00000250   Code   RO         9552    i.__hardfp_atan2f   m_wm.l(atan2f.o)
    0x2000e4bc   0x2000e4bc   0x00000004   PAD
    0x2000e4c0   0x2000e4c0   0x000000c8   Code   RO         9570    i.__hardfp_cos      m_wm.l(cos.o)
    0x2000e588   0x2000e588   0x00000150   Code   RO         9582    i.__hardfp_cosf     m_wm.l(cosf.o)
    0x2000e6d8   0x2000e6d8   0x00000014   Code   RO         9594    i.__hardfp_fabs     m_wm.l(fabs.o)
    0x2000e6ec   0x2000e6ec   0x00000004   PAD
    0x2000e6f0   0x2000e6f0   0x000003c4   Code   RO         9606    i.__hardfp_log      m_wm.l(log.o)
    0x2000eab4   0x2000eab4   0x00000190   Code   RO         9646    i.__hardfp_sinf     m_wm.l(sinf.o)
    0x2000ec44   0x2000ec44   0x0000007a   Code   RO         9658    i.__hardfp_sqrt     m_wm.l(sqrt.o)
    0x2000ecbe   0x2000ecbe   0x0000003a   Code   RO         9670    i.__hardfp_sqrtf    m_wm.l(sqrtf.o)
    0x2000ecf8   0x2000ecf8   0x00000438   Code   RO         9829    i.__ieee754_rem_pio2  m_wm.l(rred.o)
    0x2000f130   0x2000f130   0x00000170   Code   RO         9791    i.__kernel_cos      m_wm.l(cos_i.o)
    0x2000f2a0   0x2000f2a0   0x000000f8   Code   RO         9826    i.__kernel_poly     m_wm.l(poly.o)
    0x2000f398   0x2000f398   0x00000130   Code   RO         9837    i.__kernel_sin      m_wm.l(sin_i.o)
    0x2000f4c8   0x2000f4c8   0x00000030   Code   RO         9794    i.__mathlib_dbl_divzero  m_wm.l(dunder.o)
    0x2000f4f8   0x2000f4f8   0x00000014   Code   RO         9795    i.__mathlib_dbl_infnan  m_wm.l(dunder.o)
    0x2000f50c   0x2000f50c   0x00000004   PAD
    0x2000f510   0x2000f510   0x00000020   Code   RO         9797    i.__mathlib_dbl_invalid  m_wm.l(dunder.o)
    0x2000f530   0x2000f530   0x00000020   Code   RO         9800    i.__mathlib_dbl_underflow  m_wm.l(dunder.o)
    0x2000f550   0x2000f550   0x00000006   Code   RO         9813    i.__mathlib_flt_infnan  m_wm.l(funder.o)
    0x2000f556   0x2000f556   0x00000006   Code   RO         9814    i.__mathlib_flt_infnan2  m_wm.l(funder.o)
    0x2000f55c   0x2000f55c   0x00000010   Code   RO         9815    i.__mathlib_flt_invalid  m_wm.l(funder.o)
    0x2000f56c   0x2000f56c   0x00000010   Code   RO         9818    i.__mathlib_flt_underflow  m_wm.l(funder.o)
    0x2000f57c   0x2000f57c   0x00000154   Code   RO         9834    i.__mathlib_rredf2  m_wm.l(rredf.o)
    0x2000f6d0   0x2000f6d0   0x00000034   Code   RO         8447    i.__print_result_location  mpl.o
    0x2000f704   0x2000f704   0x0000000e   Code   RO         9894    i.__scatterload_copy  mc_w.l(handlers.o)
    0x2000f712   0x2000f712   0x00000002   Code   RO         9895    i.__scatterload_null  mc_w.l(handlers.o)
    0x2000f714   0x2000f714   0x0000000e   Code   RO         9896    i.__scatterload_zeroinit  mc_w.l(handlers.o)
    0x2000f722   0x2000f722   0x00000002   PAD
    0x2000f724   0x2000f724   0x0000000c   Code   RO         9868    i.__set_errno       mc_w.l(errno.o)
    0x2000f730   0x2000f730   0x00000184   Code   RO         9717    i._fp_digits        mc_w.l(printfa.o)
    0x2000f8b4   0x2000f8b4   0x000006dc   Code   RO         9718    i._printf_core      mc_w.l(printfa.o)
    0x2000ff90   0x2000ff90   0x00000024   Code   RO         9719    i._printf_post_padding  mc_w.l(printfa.o)
    0x2000ffb4   0x2000ffb4   0x0000002e   Code   RO         9720    i._printf_pre_padding  mc_w.l(printfa.o)
    0x2000ffe2   0x2000ffe2   0x0000000a   Code   RO         9722    i._sputc            mc_w.l(printfa.o)
    0x2000ffec   0x2000ffec   0x00000614   Code   RO         6857    i.accel_6500_self_test  inv_mpu.o
    0x20010600   0x20010600   0x0000014c   Code   RO         6858    i.compass_self_test  inv_mpu.o
    0x2001074c   0x2001074c   0x00000064   Code   RO         7203    i.decode_gesture    inv_mpu_dmp_motion_driver.o
    0x200107b0   0x200107b0   0x0000003c   Code   RO         7204    i.dmp_enable_6x_lp_quat  inv_mpu_dmp_motion_driver.o
    0x200107ec   0x200107ec   0x0000021c   Code   RO         7205    i.dmp_enable_feature  inv_mpu_dmp_motion_driver.o
    0x20010a08   0x20010a08   0x00000058   Code   RO         7206    i.dmp_enable_gyro_cal  inv_mpu_dmp_motion_driver.o
    0x20010a60   0x20010a60   0x0000003c   Code   RO         7207    i.dmp_enable_lp_quat  inv_mpu_dmp_motion_driver.o
    0x20010a9c   0x20010a9c   0x00000018   Code   RO         7212    i.dmp_load_motion_driver_firmware  inv_mpu_dmp_motion_driver.o
    0x20010ab4   0x20010ab4   0x000001cc   Code   RO         7213    i.dmp_read_fifo     inv_mpu_dmp_motion_driver.o
    0x20010c80   0x20010c80   0x00000070   Code   RO         7217    i.dmp_set_fifo_rate  inv_mpu_dmp_motion_driver.o
    0x20010cf0   0x20010cf0   0x00000138   Code   RO         7220    i.dmp_set_orientation  inv_mpu_dmp_motion_driver.o
    0x20010e28   0x20010e28   0x00000038   Code   RO         7223    i.dmp_set_shake_reject_thresh  inv_mpu_dmp_motion_driver.o
    0x20010e60   0x20010e60   0x00000026   Code   RO         7224    i.dmp_set_shake_reject_time  inv_mpu_dmp_motion_driver.o
    0x20010e86   0x20010e86   0x00000026   Code   RO         7225    i.dmp_set_shake_reject_timeout  inv_mpu_dmp_motion_driver.o
    0x20010eac   0x20010eac   0x00000046   Code   RO         7226    i.dmp_set_tap_axes  inv_mpu_dmp_motion_driver.o
    0x20010ef2   0x20010ef2   0x00000026   Code   RO         7227    i.dmp_set_tap_count  inv_mpu_dmp_motion_driver.o
    0x20010f18   0x20010f18   0x000001c0   Code   RO         7228    i.dmp_set_tap_thresh  inv_mpu_dmp_motion_driver.o
    0x200110d8   0x200110d8   0x00000026   Code   RO         7229    i.dmp_set_tap_time  inv_mpu_dmp_motion_driver.o
    0x200110fe   0x200110fe   0x00000026   Code   RO         7230    i.dmp_set_tap_time_multi  inv_mpu_dmp_motion_driver.o
    0x20011124   0x20011124   0x00000018   Code   RO         9596    i.fabs              m_wm.l(fabs.o)
    0x2001113c   0x2001113c   0x00000050   Code   RO         9737    i.free              mc_w.l(malloc.o)
    0x2001118c   0x2001118c   0x00000670   Code   RO         6859    i.get_st_6500_biases  inv_mpu.o
    0x200117fc   0x200117fc   0x00000018   Code   RO         5261    i.get_tick_count    mpu9250.o
    0x20011814   0x20011814   0x000005bc   Code   RO         6861    i.gyro_6500_self_test  inv_mpu.o
    0x20011dd0   0x20011dd0   0x00000058   Code   RO          440    i.i2c1Read          i2c.o
    0x20011e28   0x20011e28   0x00000058   Code   RO          441    i.i2c1Write         i2c.o
    0x20011e80   0x20011e80   0x00000010   Code   RO         6280    i.inHandlerMode     cmsis_os.o
    0x20011e90   0x20011e90   0x0000000c   Code   RO         7516    i.inv_accel_was_turned_off  data_builder.o
    0x20011e9c   0x20011e9c   0x0000006a   Code   RO         7517    i.inv_apply_calibration  data_builder.o
    0x20011f06   0x20011f06   0x00000002   PAD
    0x20011f08   0x20011f08   0x0000008c   Code   RO         7518    i.inv_build_accel   data_builder.o
    0x20011f94   0x20011f94   0x000000b0   Code   RO         7519    i.inv_build_compass  data_builder.o
    0x20012044   0x20012044   0x00000038   Code   RO         7520    i.inv_build_gyro    data_builder.o
    0x2001207c   0x2001207c   0x00000040   Code   RO         7521    i.inv_build_quat    data_builder.o
    0x200120bc   0x200120bc   0x0000002c   Code   RO         7522    i.inv_build_temp    data_builder.o
    0x200120e8   0x200120e8   0x000000b0   Code   RO         8090    i.inv_compass_angle  ml_math_func.o
    0x20012198   0x20012198   0x00000010   Code   RO         7523    i.inv_compass_was_turned_off  data_builder.o
    0x200121a8   0x200121a8   0x00000072   Code   RO         8092    i.inv_convert_to_body_with_scale  ml_math_func.o
    0x2001221a   0x2001221a   0x00000002   PAD
    0x2001221c   0x2001221c   0x00000050   Code   RO         7524    i.inv_db_load_func  data_builder.o
    0x2001226c   0x2001226c   0x00000018   Code   RO         7525    i.inv_db_save_func  data_builder.o
    0x20012284   0x20012284   0x00000010   Code   RO         7526    i.inv_disable_compass_soft_iron_matrix  data_builder.o
    0x20012294   0x20012294   0x0000001c   Code   RO         7395    i.inv_enable_eMPL_outputs  empl_outputs.o
    0x200122b0   0x200122b0   0x00000020   Code   RO         8482    i.inv_enable_results_holder  results_holder.o
    0x200122d0   0x200122d0   0x0000002c   Code   RO         8717    i.inv_execute_mpl_start_notification  start_manager.o
    0x200122fc   0x200122fc   0x000000a0   Code   RO         7528    i.inv_execute_on_data  data_builder.o
    0x2001239c   0x2001239c   0x000000f0   Code   RO         7396    i.inv_generate_eMPL_outputs  empl_outputs.o
    0x2001248c   0x2001248c   0x00000010   Code   RO         8483    i.inv_generate_results  results_holder.o
    0x2001249c   0x2001249c   0x00000018   Code   RO         8484    i.inv_get_6axis_quaternion  results_holder.o
    0x200124b4   0x200124b4   0x0000000c   Code   RO         8485    i.inv_get_acc_state  results_holder.o
    0x200124c0   0x200124c0   0x0000000c   Code   RO         7529    i.inv_get_accel_accuracy  data_builder.o
    0x200124cc   0x200124cc   0x00000010   Code   RO         7531    i.inv_get_accel_on  data_builder.o
    0x200124dc   0x200124dc   0x0000002c   Code   RO         7535    i.inv_get_accel_set  data_builder.o
    0x20012508   0x20012508   0x00000018   Code   RO         7536    i.inv_get_compass_bias  data_builder.o
    0x20012520   0x20012520   0x00000018   Code   RO         8489    i.inv_get_compass_correction  results_holder.o
    0x20012538   0x20012538   0x00000010   Code   RO         7538    i.inv_get_compass_on  data_builder.o
    0x20012548   0x20012548   0x0000001c   Code   RO         7545    i.inv_get_compass_soft_iron_output_data  data_builder.o
    0x20012564   0x20012564   0x0000000c   Code   RO         8490    i.inv_get_compass_state  results_holder.o
    0x20012570   0x20012570   0x00000060   Code   RO         8491    i.inv_get_gravity   results_holder.o
    0x200125d0   0x200125d0   0x00000010   Code   RO         7546    i.inv_get_gyro      data_builder.o
    0x200125e0   0x200125e0   0x0000000c   Code   RO         7547    i.inv_get_gyro_accuracy  data_builder.o
    0x200125ec   0x200125ec   0x00000024   Code   RO         7548    i.inv_get_gyro_bias  data_builder.o
    0x20012610   0x20012610   0x00000020   Code   RO         7549    i.inv_get_gyro_bias_tc_set  data_builder.o
    0x20012630   0x20012630   0x00000010   Code   RO         7550    i.inv_get_gyro_on   data_builder.o
    0x20012640   0x20012640   0x0000001c   Code   RO         8096    i.inv_get_gyro_sum_of_sqr  ml_math_func.o
    0x2001265c   0x2001265c   0x0000000c   Code   RO         8494    i.inv_get_large_mag_field  results_holder.o
    0x20012668   0x20012668   0x00000068   Code   RO         7556    i.inv_get_last_timestamp  data_builder.o
    0x200126d0   0x200126d0   0x0000003c   Code   RO         8495    i.inv_get_linear_accel  results_holder.o
    0x2001270c   0x2001270c   0x00000044   Code   RO         8496    i.inv_get_linear_accel_float  results_holder.o
    0x20012750   0x20012750   0x00000010   Code   RO         8497    i.inv_get_local_field  results_holder.o
    0x20012760   0x20012760   0x0000001c   Code   RO         7557    i.inv_get_mag_accuracy  data_builder.o
    0x2001277c   0x2001277c   0x00000014   Code   RO         8499    i.inv_get_motion_state  results_holder.o
    0x20012790   0x20012790   0x0000003c   Code   RO         8500    i.inv_get_quaternion  results_holder.o
    0x200127cc   0x200127cc   0x00000044   Code   RO         8502    i.inv_get_quaternion_set  results_holder.o
    0x20012810   0x20012810   0x00000268   Code   RO         7399    i.inv_get_sensor_type_euler  empl_outputs.o
    0x20012a78   0x20012a78   0x00000070   Code   RO         7966    i.inv_get_sensor_type_gravity  hal_outputs.o
    0x20012ae8   0x20012ae8   0x000000c8   Code   RO         7401    i.inv_get_sensor_type_heading  empl_outputs.o
    0x20012bb0   0x20012bb0   0x00000080   Code   RO         7969    i.inv_get_sensor_type_linear_acceleration  hal_outputs.o
    0x20012c30   0x20012c30   0x0000000c   Code   RO         8504    i.inv_got_compass_bias  results_holder.o
    0x20012c3c   0x20012c3c   0x0000000c   Code   RO         7559    i.inv_gyro_was_turned_off  data_builder.o
    0x20012c48   0x20012c48   0x0000003c   Code   RO         7560    i.inv_init_data_builder  data_builder.o
    0x20012c84   0x20012c84   0x00000014   Code   RO         7404    i.inv_init_eMPL_outputs  empl_outputs.o
    0x20012c98   0x20012c98   0x00000094   Code   RO         8449    i.inv_init_mpl      mpl.o
    0x20012d2c   0x20012d2c   0x0000003c   Code   RO         8505    i.inv_init_results_holder  results_holder.o
    0x20012d68   0x20012d68   0x00000014   Code   RO         8718    i.inv_init_start_manager  start_manager.o
    0x20012d7c   0x20012d7c   0x00000018   Code   RO         8751    i.inv_init_storage_manager  storage_manager.o
    0x20012d94   0x20012d94   0x00000028   Code   RO         8105    i.inv_orientation_matrix_to_scalar  ml_math_func.o
    0x20012dbc   0x20012dbc   0x00000012   Code   RO         8106    i.inv_q29_mult      ml_math_func.o
    0x20012dce   0x20012dce   0x00000012   Code   RO         8108    i.inv_q30_mult      ml_math_func.o
    0x20012de0   0x20012de0   0x00000018   Code   RO         8110    i.inv_q30_to_float  ml_math_func.o
    0x20012df8   0x20012df8   0x00000024   Code   RO         8111    i.inv_q_add         ml_math_func.o
    0x20012e1c   0x20012e1c   0x00000042   Code   RO         8112    i.inv_q_addf        ml_math_func.o
    0x20012e5e   0x20012e5e   0x00000018   Code   RO         8113    i.inv_q_invert      ml_math_func.o
    0x20012e76   0x20012e76   0x0000002e   Code   RO         8114    i.inv_q_invertf     ml_math_func.o
    0x20012ea4   0x20012ea4   0x000000b2   Code   RO         8115    i.inv_q_mult        ml_math_func.o
    0x20012f56   0x20012f56   0x000000d2   Code   RO         8116    i.inv_q_multf       ml_math_func.o
    0x20013028   0x20013028   0x000000a8   Code   RO         8117    i.inv_q_norm4       ml_math_func.o
    0x200130d0   0x200130d0   0x00000134   Code   RO         8119    i.inv_q_normalizef  ml_math_func.o
    0x20013204   0x20013204   0x00000042   Code   RO         8120    i.inv_q_rotate      ml_math_func.o
    0x20013246   0x20013246   0x000000da   Code   RO         8122    i.inv_quaternion_to_rotation  ml_math_func.o
    0x20013320   0x20013320   0x000000f0   Code   RO         7563    i.inv_register_data_cb  data_builder.o
    0x20013410   0x20013410   0x00000090   Code   RO         8753    i.inv_register_load_store  storage_manager.o
    0x200134a0   0x200134a0   0x0000002c   Code   RO         8719    i.inv_register_mpl_start_notification  start_manager.o
    0x200134cc   0x200134cc   0x00000058   Code   RO         7564    i.inv_reset_compass_soft_iron_matrix  data_builder.o
    0x20013524   0x20013524   0x0000004e   Code   RO         8124    i.inv_row_2_scale   ml_math_func.o
    0x20013572   0x20013572   0x00000002   PAD
    0x20013574   0x20013574   0x00000024   Code   RO         7565    i.inv_set_accel_accuracy  data_builder.o
    0x20013598   0x20013598   0x0000004c   Code   RO         7567    i.inv_set_accel_bias  data_builder.o
    0x200135e4   0x200135e4   0x0000000c   Code   RO         8508    i.inv_set_accel_bias_found  results_holder.o
    0x200135f0   0x200135f0   0x00000060   Code   RO         7568    i.inv_set_accel_bias_mask  data_builder.o
    0x20013650   0x20013650   0x00000018   Code   RO         7569    i.inv_set_accel_orientation_and_scale  data_builder.o
    0x20013668   0x20013668   0x0000002c   Code   RO         7570    i.inv_set_accel_sample_rate  data_builder.o
    0x20013694   0x20013694   0x0000004c   Code   RO         7572    i.inv_set_compass_bias  data_builder.o
    0x200136e0   0x200136e0   0x00000014   Code   RO         8509    i.inv_set_compass_bias_error  results_holder.o
    0x200136f4   0x200136f4   0x0000000c   Code   RO         8510    i.inv_set_compass_bias_found  results_holder.o
    0x20013700   0x20013700   0x00000024   Code   RO         8511    i.inv_set_compass_correction  results_holder.o
    0x20013724   0x20013724   0x0000000c   Code   RO         7573    i.inv_set_compass_disturbance  data_builder.o
    0x20013730   0x20013730   0x00000018   Code   RO         7574    i.inv_set_compass_orientation_and_scale  data_builder.o
    0x20013748   0x20013748   0x00000030   Code   RO         7575    i.inv_set_compass_sample_rate  data_builder.o
    0x20013778   0x20013778   0x00000054   Code   RO         7576    i.inv_set_compass_soft_iron_input_data  data_builder.o
    0x200137cc   0x200137cc   0x0000000c   Code   RO         8512    i.inv_set_compass_state  results_holder.o
    0x200137d8   0x200137d8   0x00000120   Code   RO         7579    i.inv_set_contiguous  data_builder.o
    0x200138f8   0x200138f8   0x00000074   Code   RO         7581    i.inv_set_gyro_bias  data_builder.o
    0x2001396c   0x2001396c   0x00000018   Code   RO         7582    i.inv_set_gyro_orientation_and_scale  data_builder.o
    0x20013984   0x20013984   0x00000028   Code   RO         7583    i.inv_set_gyro_sample_rate  data_builder.o
    0x200139ac   0x200139ac   0x0000001c   Code   RO         8065    i.inv_set_message   message_layer.o
    0x200139c8   0x200139c8   0x00000050   Code   RO         8517    i.inv_set_motion_state  results_holder.o
    0x20013a18   0x20013a18   0x00000014   Code   RO         7405    i.inv_start_eMPL_outputs  empl_outputs.o
    0x20013a2c   0x20013a2c   0x00000050   Code   RO         8450    i.inv_start_mpl     mpl.o
    0x20013a7c   0x20013a7c   0x00000018   Code   RO         8518    i.inv_start_results_holder  results_holder.o
    0x20013a94   0x20013a94   0x00000024   Code   RO         8519    i.inv_store_gaming_quaternion  results_holder.o
    0x20013ab8   0x20013ab8   0x00000064   Code   RO         7586    i.inv_unregister_data_cb  data_builder.o
    0x20013b1c   0x20013b1c   0x00000060   Code   RO         8720    i.inv_unregister_mpl_start_notification  start_manager.o
    0x20013b7c   0x20013b7c   0x00000054   Code   RO           16    i.main              main.o
    0x20013bd0   0x20013bd0   0x0000000e   Code   RO         6282    i.makeFreeRtosPriority  cmsis_os.o
    0x20013bde   0x20013bde   0x00000002   PAD
    0x20013be0   0x20013be0   0x0000006c   Code   RO         9738    i.malloc            mc_w.l(malloc.o)
    0x20013c4c   0x20013c4c   0x0000003e   Code   RO         8129    i.mlMatrixVectorMult  ml_math_func.o
    0x20013c8a   0x20013c8a   0x00000002   PAD
    0x20013c8c   0x20013c8c   0x000001d4   Code   RO         5264    i.mpu9250init       mpu9250.o
    0x20013e60   0x20013e60   0x00000158   Code   RO         5265    i.mpu9250run        mpu9250.o
    0x20013fb8   0x20013fb8   0x00000070   Code   RO         6862    i.mpu_configure_fifo  inv_mpu.o
    0x20014028   0x20014028   0x0000004c   Code   RO         6863    i.mpu_get_accel_fsr  inv_mpu.o
    0x20014074   0x20014074   0x00000054   Code   RO         6865    i.mpu_get_accel_sens  inv_mpu.o
    0x200140c8   0x200140c8   0x00000014   Code   RO         6866    i.mpu_get_compass_fsr  inv_mpu.o
    0x200140dc   0x200140dc   0x000000d0   Code   RO         6867    i.mpu_get_compass_reg  inv_mpu.o
    0x200141ac   0x200141ac   0x00000010   Code   RO         6870    i.mpu_get_fifo_config  inv_mpu.o
    0x200141bc   0x200141bc   0x00000044   Code   RO         6871    i.mpu_get_gyro_fsr  inv_mpu.o
    0x20014200   0x20014200   0x00000060   Code   RO         6873    i.mpu_get_gyro_sens  inv_mpu.o
    0x20014260   0x20014260   0x00000050   Code   RO         6875    i.mpu_get_lpf       inv_mpu.o
    0x200142b0   0x200142b0   0x00000020   Code   RO         6877    i.mpu_get_sample_rate  inv_mpu.o
    0x200142d0   0x200142d0   0x0000009c   Code   RO         6878    i.mpu_get_temperature  inv_mpu.o
    0x2001436c   0x2001436c   0x0000012c   Code   RO         6879    i.mpu_init          inv_mpu.o
    0x20014498   0x20014498   0x000000b8   Code   RO         6880    i.mpu_load_firmware  inv_mpu.o
    0x20014550   0x20014550   0x0000011c   Code   RO         6881    i.mpu_lp_accel_mode  inv_mpu.o
    0x2001466c   0x2001466c   0x000000c0   Code   RO         6887    i.mpu_read_fifo_stream  inv_mpu.o
    0x2001472c   0x2001472c   0x00000080   Code   RO         6888    i.mpu_read_mem      inv_mpu.o
    0x200147ac   0x200147ac   0x000001c8   Code   RO         6891    i.mpu_reset_fifo    inv_mpu.o
    0x20014974   0x20014974   0x0000029c   Code   RO         6892    i.mpu_run_6500_self_test  inv_mpu.o
    0x20014c10   0x20014c10   0x00000084   Code   RO         6896    i.mpu_set_accel_fsr  inv_mpu.o
    0x20014c94   0x20014c94   0x0000014c   Code   RO         6897    i.mpu_set_bypass    inv_mpu.o
    0x20014de0   0x20014de0   0x00000060   Code   RO         6898    i.mpu_set_compass_sample_rate  inv_mpu.o
    0x20014e40   0x20014e40   0x00000090   Code   RO         6899    i.mpu_set_dmp_state  inv_mpu.o
    0x20014ed0   0x20014ed0   0x00000088   Code   RO         6901    i.mpu_set_gyro_fsr  inv_mpu.o
    0x20014f58   0x20014f58   0x0000006c   Code   RO         6902    i.mpu_set_int_latched  inv_mpu.o
    0x20014fc4   0x20014fc4   0x00000084   Code   RO         6904    i.mpu_set_lpf       inv_mpu.o
    0x20015048   0x20015048   0x000000b4   Code   RO         6905    i.mpu_set_sample_rate  inv_mpu.o
    0x200150fc   0x200150fc   0x00000168   Code   RO         6906    i.mpu_set_sensors   inv_mpu.o
    0x20015264   0x20015264   0x00000080   Code   RO         6907    i.mpu_write_mem     inv_mpu.o
    0x200152e4   0x200152e4   0x00000018   Code   RO         6284    i.osDelay           cmsis_os.o
    0x200152fc   0x200152fc   0x0000001c   Code   RO         6285    i.osDelayUntil      cmsis_os.o
    0x20015318   0x20015318   0x0000000a   Code   RO         6287    i.osKernelStart     cmsis_os.o
    0x20015322   0x20015322   0x00000014   Code   RO         6288    i.osKernelSysTick   cmsis_os.o
    0x20015336   0x20015336   0x0000000c   Code   RO         6302    i.osMutexCreate     cmsis_os.o
    0x20015342   0x20015342   0x00000002   PAD
    0x20015344   0x20015344   0x00000050   Code   RO         6304    i.osMutexRelease    cmsis_os.o
    0x20015394   0x20015394   0x0000006c   Code   RO         6305    i.osMutexWait       cmsis_os.o
    0x20015400   0x20015400   0x00000070   Code   RO         6308    i.osPoolCreate      cmsis_os.o
    0x20015470   0x20015470   0x0000002c   Code   RO         6313    i.osSemaphoreCreate  cmsis_os.o
    0x2001549c   0x2001549c   0x00000050   Code   RO         6316    i.osSemaphoreRelease  cmsis_os.o
    0x200154ec   0x200154ec   0x0000006c   Code   RO         6317    i.osSemaphoreWait   cmsis_os.o
    0x20015558   0x20015558   0x00000060   Code   RO         6318    i.osSignalSet       cmsis_os.o
    0x200155b8   0x200155b8   0x00000062   Code   RO         6319    i.osSignalWait      cmsis_os.o
    0x2001561a   0x2001561a   0x00000010   Code   RO         6320    i.osSystickHandler  cmsis_os.o
    0x2001562a   0x2001562a   0x00000030   Code   RO         6321    i.osThreadCreate    cmsis_os.o
    0x2001565a   0x2001565a   0x00000002   PAD
    0x2001565c   0x2001565c   0x00000098   Code   RO         5959    i.prvAddCurrentTaskToDelayedList  tasks.o
    0x200156f4   0x200156f4   0x000000b4   Code   RO         5960    i.prvAddNewTaskToReadyList  tasks.o
    0x200157a8   0x200157a8   0x00000064   Code   RO         5961    i.prvCheckTasksWaitingTermination  tasks.o
    0x2001580c   0x2001580c   0x0000002a   Code   RO         5792    i.prvCopyDataFromQueue  queue.o
    0x20015836   0x20015836   0x0000007c   Code   RO         5793    i.prvCopyDataToQueue  queue.o
    0x200158b2   0x200158b2   0x00000012   Code   RO         5962    i.prvDeleteTCB      tasks.o
    0x200158c4   0x200158c4   0x0000007c   Code   RO         5455    i.prvHeapInit       heap_4.o
    0x20015940   0x20015940   0x00000028   Code   RO         5963    i.prvIdleTask       tasks.o
    0x20015968   0x20015968   0x0000001c   Code   RO         5794    i.prvInitialiseMutex  queue.o
    0x20015984   0x20015984   0x00000026   Code   RO         5795    i.prvInitialiseNewQueue  queue.o
    0x200159aa   0x200159aa   0x000000aa   Code   RO         5964    i.prvInitialiseNewTask  tasks.o
    0x20015a54   0x20015a54   0x00000068   Code   RO         5965    i.prvInitialiseTaskLists  tasks.o
    0x20015abc   0x20015abc   0x00000068   Code   RO         5456    i.prvInsertBlockIntoFreeList  heap_4.o
    0x20015b24   0x20015b24   0x0000001a   Code   RO         5796    i.prvIsQueueEmpty   queue.o
    0x20015b3e   0x20015b3e   0x0000001e   Code   RO         5797    i.prvIsQueueFull    queue.o
    0x20015b5c   0x20015b5c   0x00000034   Code   RO         5966    i.prvResetNextTaskUnblockTime  tasks.o
    0x20015b90   0x20015b90   0x00000040   Code   RO         5542    i.prvTaskExitError  port.o
    0x20015bd0   0x20015bd0   0x0000007e   Code   RO         5798    i.prvUnlockQueue    queue.o
    0x20015c4e   0x20015c4e   0x00000002   PAD
    0x20015c50   0x20015c50   0x0000013c   Code   RO         5457    i.pvPortMalloc      heap_4.o
    0x20015d8c   0x20015d8c   0x00000020   Code   RO         5968    i.pvTaskIncrementMutexHeldCount  tasks.o
    0x20015dac   0x20015dac   0x0000002c   Code   RO         5543    i.pxPortInitialiseStack  port.o
    0x20015dd8   0x20015dd8   0x00000100   Code   RO         5266    i.read_from_mpl     mpu9250.o
    0x20015ed8   0x20015ed8   0x00000002   Code   RO         6908    i.rtt_printf        inv_mpu.o
    0x20015eda   0x20015eda   0x00000002   PAD
    0x20015edc   0x20015edc   0x00000240   Code   RO         5267    i.run_self_test     mpu9250.o
    0x2001611c   0x2001611c   0x00000090   Code   RO         6909    i.set_int_enable    inv_mpu.o
    0x200161ac   0x200161ac   0x00000006   Code   RO         7587    i.set_sensor_orientation_and_scale  data_builder.o
    0x200161b2   0x200161b2   0x00000002   PAD
    0x200161b4   0x200161b4   0x00000254   Code   RO         6910    i.setup_compass     inv_mpu.o
    0x20016408   0x20016408   0x0000003e   Code   RO         9672    i.sqrtf             m_wm.l(sqrtf.o)
    0x20016446   0x20016446   0x00000028   Code   RO         5743    i.uxListRemove      list.o
    0x2001646e   0x2001646e   0x0000001a   Code   RO         5744    i.vListInitialise   list.o
    0x20016488   0x20016488   0x00000006   Code   RO         5745    i.vListInitialiseItem  list.o
    0x2001648e   0x2001648e   0x00000034   Code   RO         5746    i.vListInsert       list.o
    0x200164c2   0x200164c2   0x00000018   Code   RO         5747    i.vListInsertEnd    list.o
    0x200164da   0x200164da   0x00000002   PAD
    0x200164dc   0x200164dc   0x00000054   Code   RO         5545    i.vPortEnterCritical  port.o
    0x20016530   0x20016530   0x0000003c   Code   RO         5546    i.vPortExitCritical  port.o
    0x2001656c   0x2001656c   0x00000094   Code   RO         5458    i.vPortFree         heap_4.o
    0x20016600   0x20016600   0x00000020   Code   RO         5547    i.vPortSetupTimerInterrupt  port.o
    0x20016620   0x20016620   0x00000078   Code   RO         5548    i.vPortValidateInterruptPriority  port.o
    0x20016698   0x20016698   0x0000005c   Code   RO         5974    i.vTaskDelay        tasks.o
    0x200166f4   0x200166f4   0x000000d4   Code   RO         5975    i.vTaskDelayUntil   tasks.o
    0x200167c8   0x200167c8   0x0000000c   Code   RO         5978    i.vTaskMissedYield  tasks.o
    0x200167d4   0x200167d4   0x00000038   Code   RO         5980    i.vTaskPlaceOnEventList  tasks.o
    0x2001680c   0x2001680c   0x000000b0   Code   RO         5982    i.vTaskPriorityInherit  tasks.o
    0x200168bc   0x200168bc   0x00000030   Code   RO         5985    i.vTaskSetTimeOutState  tasks.o
    0x200168ec   0x200168ec   0x00000088   Code   RO         5986    i.vTaskStartScheduler  tasks.o
    0x20016974   0x20016974   0x00000010   Code   RO         5988    i.vTaskSuspendAll   tasks.o
    0x20016984   0x20016984   0x0000008c   Code   RO         5989    i.vTaskSwitchContext  tasks.o
    0x20016a10   0x20016a10   0x0000013c   Code   RO         5549    i.xPortStartScheduler  port.o
    0x20016b4c   0x20016b4c   0x00000034   Code   RO         5550    i.xPortSysTickHandler  port.o
    0x20016b80   0x20016b80   0x00000022   Code   RO         5805    i.xQueueCreateMutex  queue.o
    0x20016ba2   0x20016ba2   0x00000058   Code   RO         5806    i.xQueueGenericCreate  queue.o
    0x20016bfa   0x20016bfa   0x00000002   PAD
    0x20016bfc   0x20016bfc   0x000001c4   Code   RO         5807    i.xQueueGenericReceive  queue.o
    0x20016dc0   0x20016dc0   0x00000098   Code   RO         5808    i.xQueueGenericReset  queue.o
    0x20016e58   0x20016e58   0x000001a8   Code   RO         5809    i.xQueueGenericSend  queue.o
    0x20017000   0x20017000   0x000000e0   Code   RO         5811    i.xQueueGiveFromISR  queue.o
    0x200170e0   0x200170e0   0x000000ca   Code   RO         5815    i.xQueueReceiveFromISR  queue.o
    0x200171aa   0x200171aa   0x00000002   PAD
    0x200171ac   0x200171ac   0x0000008c   Code   RO         5990    i.xTaskCheckForTimeOut  tasks.o
    0x20017238   0x20017238   0x00000060   Code   RO         5991    i.xTaskCreate       tasks.o
    0x20017298   0x20017298   0x00000104   Code   RO         5992    i.xTaskGenericNotify  tasks.o
    0x2001739c   0x2001739c   0x00000144   Code   RO         5993    i.xTaskGenericNotifyFromISR  tasks.o
    0x200174e0   0x200174e0   0x00000020   Code   RO         5995    i.xTaskGetSchedulerState  tasks.o
    0x20017500   0x20017500   0x0000000c   Code   RO         5996    i.xTaskGetTickCount  tasks.o
    0x2001750c   0x2001750c   0x00000014   Code   RO         5997    i.xTaskGetTickCountFromISR  tasks.o
    0x20017520   0x20017520   0x00000148   Code   RO         5998    i.xTaskIncrementTick  tasks.o
    0x20017668   0x20017668   0x000000a0   Code   RO         6000    i.xTaskNotifyWait   tasks.o
    0x20017708   0x20017708   0x000000c8   Code   RO         6001    i.xTaskPriorityDisinherit  tasks.o
    0x200177d0   0x200177d0   0x00000098   Code   RO         6002    i.xTaskRemoveFromEventList  tasks.o
    0x20017868   0x20017868   0x00000104   Code   RO         6004    i.xTaskResumeAll    tasks.o
    0x2001796c   0x2001796c   0x00000014   Data   RO          372    .constdata          freertos.o
    0x20017980   0x20017980   0x0000000c   Data   RO          443    .constdata          i2c.o
    0x2001798c   0x2001798c   0x00000008   Data   RO         4467    .constdata          stm32f4xx_hal_dma.o
    0x20017994   0x20017994   0x00000018   Data   RO         5045    .constdata          system_stm32f4xx.o
    0x200179ac   0x200179ac   0x00000014   Data   RO         5088    .constdata          motoctrl.o
    0x200179c0   0x200179c0   0x00000014   Data   RO         5271    .constdata          mpu9250.o
    0x200179d4   0x200179d4   0x00000010   Data   RO         6825    .constdata          segger_rtt_printf.o
    0x200179e4   0x200179e4   0x00000268   Data   RO         6911    .constdata          inv_mpu.o
    0x20017c4c   0x20017c4c   0x00000bf6   Data   RO         7232    .constdata          inv_mpu_dmp_motion_driver.o
    0x20018842   0x20018842   0x0000002f   Data   RO         8451    .constdata          mpl.o
    0x20018871   0x20018871   0x00000007   PAD
    0x20018878   0x20018878   0x00000038   Data   RO         9609    .constdata          m_wm.l(log.o)
    0x200188b0   0x200188b0   0x00000030   Data   RO         9792    .constdata          m_wm.l(cos_i.o)
    0x200188e0   0x200188e0   0x00000008   Data   RO         9828    .constdata          m_wm.l(qnan.o)
    0x200188e8   0x200188e8   0x000000c8   Data   RO         9831    .constdata          m_wm.l(rred.o)
    0x200189b0   0x200189b0   0x00000020   Data   RO         9835    .constdata          m_wm.l(rredf.o)
    0x200189d0   0x200189d0   0x00000028   Data   RO         9838    .constdata          m_wm.l(sin_i.o)
    0x200189f8   0x200189f8   0x0000000a   Data   RO          373    .conststring        freertos.o
    0x20018a02   0x20018a02   0x00000002   PAD
    0x20018a04   0x20018a04   0x0000000d   Data   RO         5089    .conststring        motoctrl.o
    0x20018a11   0x20018a11   0x00000003   PAD
    0x20018a14   0x20018a14   0x00000018   Data   RO         5272    .conststring        mpu9250.o
    0x20018a2c   0x20018a2c   0x00000044   Data   RO         7589    .conststring        data_builder.o
    0x20018a70   0x20018a70   0x00000040   Data   RO         9892    Region$$Table       anon$$obj.o


    Execution Region RW_IRAM1 (Exec base: 0x20019000, Load base: 0x20018ab0, Size: 0x000040b0, Max: 0x00007000, ABSOLUTE, COMPRESSED[0x00000100])

    Exec Addr    Load Addr    Size         Type   Attr      Idx    E Section Name        Object

    0x20019000   COMPRESSED   0x00000004   Data   RW          374    .data               freertos.o
    0x20019004   COMPRESSED   0x00000010   Data   RW          444    .data               i2c.o
    0x20019014   COMPRESSED   0x00000034   Data   RW          874    .data               usbd_desc.o
    0x20019048   COMPRESSED   0x00000010   Data   RW          939    .data               usbd_cdc_if.o
    0x20019058   COMPRESSED   0x00000009   Data   RW         4897    .data               stm32f4xx_hal.o
    0x20019061   COMPRESSED   0x00000003   PAD
    0x20019064   COMPRESSED   0x00000004   Data   RW         5046    .data               system_stm32f4xx.o
    0x20019068   COMPRESSED   0x00000022   Data   RW         5090    .data               motoctrl.o
    0x2001908a   COMPRESSED   0x00000002   PAD
    0x2001908c   COMPRESSED   0x00000020   Data   RW         5171    .data               pmw3901.o
    0x200190ac   COMPRESSED   0x00000029   Data   RW         5273    .data               mpu9250.o
    0x200190d5   COMPRESSED   0x00000003   PAD
    0x200190d8   COMPRESSED   0x00000038   Data   RW         6912    .data               inv_mpu.o
    0x20019110   COMPRESSED   0x00000004   Data   RW         8066    .data               message_layer.o
    0x20019114   COMPRESSED   0x00000001   Data   RW         8947    .data               usbd_ctlreq.o
    0x20019115   COMPRESSED   0x00000003   PAD
    0x20019118   COMPRESSED   0x00000110   Data   RW         9103    .data               usbd_cdc.o
    0x20019228   COMPRESSED   0x00000010   Data   RW         9342    .data               libmpllib.lib(compass_vec_cal.o)
    0x20019238   COMPRESSED   0x00000004   Data   RW         9864    .data               mc_w.l(mvars.o)
    0x2001923c   COMPRESSED   0x00000004   Data   RW         9865    .data               mc_w.l(mvars.o)
    0x20019240   COMPRESSED   0x00000004   Data   RW         9869    .data               mc_w.l(errno.o)
    0x20019244        -       0x00000040   Zero   RW          307    .bss                dcmi.o
    0x20019284        -       0x0000024b   Zero   RW          442    .bss                i2c.o
    0x200194cf   COMPRESSED   0x00000001   PAD
    0x200194d0        -       0x00000230   Zero   RW          537    .bss                spi.o
    0x20019700        -       0x00000040   Zero   RW          584    .bss                usart.o
    0x20019740        -       0x00000224   Zero   RW          624    .bss                usb_device.o
    0x20019964        -       0x000003f0   Zero   RW          705    .bss                usbd_conf.o
    0x20019d54        -       0x00000200   Zero   RW          873    .bss                usbd_desc.o
    0x20019f54        -       0x00001000   Zero   RW          938    .bss                usbd_cdc_if.o
    0x2001af54        -       0x0000003c   Zero   RW         1215    .bss                stm32f4xx_hal_timebase_tim.o
    0x2001af90        -       0x00000048   Zero   RW         5087    .bss                motoctrl.o
    0x2001afd8        -       0x0000000c   Zero   RW         5170    .bss                pmw3901.o
    0x2001afe4        -       0x00000024   Zero   RW         5270    .bss                mpu9250.o
    0x2001b008        -       0x00000488   Zero   RW         6687    .bss                segger_rtt.o
    0x2001b490        -       0x00000010   Zero   RW         7231    .bss                inv_mpu_dmp_motion_driver.o
    0x2001b4a0        -       0x00000028   Zero   RW         7407    .bss                empl_outputs.o
    0x2001b4c8        -       0x000002d8   Zero   RW         7588    .bss                data_builder.o
    0x2001b7a0        -       0x000000c4   Zero   RW         7976    .bss                hal_outputs.o
    0x2001b864        -       0x00000088   Zero   RW         8520    .bss                results_holder.o
    0x2001b8ec        -       0x00000054   Zero   RW         8721    .bss                start_manager.o
    0x2001b940        -       0x00000198   Zero   RW         8755    .bss                storage_manager.o
    0x2001bad8        -       0x000004b8   Zero   RW         9243    .bss                libmpllib.lib(accel_auto_cal.o)
    0x2001bf90        -       0x00000460   Zero   RW         9341    .bss                libmpllib.lib(compass_vec_cal.o)
    0x2001c3f0        -       0x000002a0   Zero   RW         9371    .bss                libmpllib.lib(fast_no_motion.o)
    0x2001c690        -       0x00000138   Zero   RW         9395    .bss                libmpllib.lib(fusion_9axis.o)
    0x2001c7c8        -       0x000001c4   Zero   RW         9417    .bss                libmpllib.lib(gyro_tc.o)
    0x2001c98c        -       0x000000b8   Zero   RW         9435    .bss                libmpllib.lib(mag_disturb.o)
    0x2001ca44        -       0x0000006c   Zero   RW         9457    .bss                libmpllib.lib(quaternion_supervisor.o)
    0x2001cab0        -       0x00000200   Zero   RW            2    HEAP                startup_stm32f407xx.o
    0x2001ccb0        -       0x00000400   Zero   RW            1    STACK               startup_stm32f407xx.o


==============================================================================

Image component sizes


      Code (inc. data)   RO Data    RW Data    ZI Data      Debug   Object Name

       914         20          0          0          0      26965   cmsis_os.o
      2772        314         68          0        728      30184   data_builder.o
       264         48          0          0         64       1642   dcmi.o
       200          6          0          0          0        830   dma.o
        76          8          0          0          0        541   dwt_stm32_delay.o
      1124         70          0          0         40       5476   empl_outputs.o
         0          0          0          0          0       8040   event_groups.o
        66         10         30          4          0       5325   freertos.o
       628         46          0          0          0       1848   gpio.o
       240         14          0          0        196       2980   hal_outputs.o
       692         62          0         24      32768       8811   heap_4.o
      1620        212         12         16        587      12309   i2c.o
     10654       1532        616         56          0      35521   inv_mpu.o
      2520        124       3062          0         16      19633   inv_mpu_dmp_motion_driver.o
       148          0          0          0          0       3550   list.o
       188         10          0          0          0       1062   log_stm32.o
       348         52          0          0          0     732837   main.o
        28          4          0          4          0       1266   message_layer.o
      1878         24          0          0          0      14533   ml_math_func.o
       628        110         33         34         72      18025   motoctrl.o
       280        108         47          0          0       2624   mpl.o
      1738        314         44         81         36      16404   mpu9250.o
         0          0          0         32         12       1234   pmw3901.o
       958         92          0         12          0      11941   port.o
      1990         16          0          0          0      15273   queue.o
       824        128          0          0        136      16169   results_holder.o
       534         48          0          0       1160       7986   segger_rtt.o
      1096          6         16          0          0       6009   segger_rtt_printf.o
       696        108          0          0        560       2574   spi.o
       204         20          0          0         84       3436   start_manager.o
        36          8        392          0       1536        832   startup_stm32f407xx.o
       136         24          0          9          0       3862   stm32f4xx_hal.o
       366         28          0          0          0      32151   stm32f4xx_hal_cortex.o
       212          6          0          0          0       4060   stm32f4xx_hal_dcmi.o
       134          0          0          0          0       1076   stm32f4xx_hal_dcmi_ex.o
      1172         16          8          0          0       5260   stm32f4xx_hal_dma.o
       932         90          0          0          0       5085   stm32f4xx_hal_gpio.o
      6158         72          0          0          0      30013   stm32f4xx_hal_i2c.o
       172          6          0          0          0        898   stm32f4xx_hal_msp.o
      2944         46          0          0          0      10937   stm32f4xx_hal_pcd.o
        92          0          0          0          0       1820   stm32f4xx_hal_pcd_ex.o
      1800         94          0          0          0       6145   stm32f4xx_hal_rcc.o
       474          4          0          0          0       3304   stm32f4xx_hal_spi.o
       726         44          0          0          0       6210   stm32f4xx_hal_tim.o
         4          0          0          0          0       1566   stm32f4xx_hal_tim_ex.o
       140         18          0          0         60       1485   stm32f4xx_hal_timebase_tim.o
      1752         14          0          0          0       7972   stm32f4xx_hal_uart.o
       350        108          0          0          0      13872   stm32f4xx_it.o
      3182         64          0          0          0      20594   stm32f4xx_ll_usb.o
       168         10          0          0        408       2541   storage_manager.o
       100         18         24          4          0       1143   system_stm32f4xx.o
      3720        446          0         60        240      28563   tasks.o
       184         40          0          0         64       1600   usart.o
        52         16          0          0        548       2371   usb_device.o
       728         30          0        272          0      13090   usbd_cdc.o
       204         28          0         16       4096       3528   usbd_cdc_if.o
      1232         38          0          0       1008      15246   usbd_conf.o
       792          0          0          0          0      12757   usbd_core.o
      1584         30          0          1          0      10792   usbd_ctlreq.o
       304        128          0         52        512       5363   usbd_desc.o
       174          0          0          0          0       4684   usbd_ioreq.o

    ----------------------------------------------------------------------
     63402       4932       4428        688      44932    1273848   Object Totals
         0          0         64          0          0          0   (incl. Generated)
        70          0         12         11          1          0   (incl. Padding)

    ----------------------------------------------------------------------

      Code (inc. data)   RO Data    RW Data    ZI Data      Debug   Library Member Name

        72          0          0          0          0      16911   arm_pid_init_f32.o
      3140        190          0          0       1208      21008   accel_auto_cal.o
      9456        298          0         16       1120       9988   compass_vec_cal.o
      2584         42          0          0        672      12312   fast_no_motion.o
      1712         72          0          0        312       5636   fusion_9axis.o
      1220         32          0          0        452       5735   gyro_tc.o
      1472         48          0          0        184       7614   mag_disturb.o
      2452        130          0          0        108       5637   quaternion_supervisor.o
       280         46          0          0          0        176   acosf.o
       592         90          0          0          0        184   atan2f.o
       200         20          0          0          0        164   cos.o
       368         46         48          0          0        200   cos_i.o
       336         56          0          0          0        136   cosf.o
       132         36          0          0          0        496   dunder.o
        44          0          0          0          0        248   fabs.o
        48          0          0          0          0        124   fpclassify.o
        38          0          0          0          0        116   fpclassifyf.o
        44         12          0          0          0        464   funder.o
       964         92         56          0          0        316   log.o
       248          0          0          0          0        152   poly.o
         0          0          8          0          0          0   qnan.o
      1080        142        200          0          0        188   rred.o
       340         24         32          0          0        160   rredf.o
       304         24         40          0          0        208   sin_i.o
       400         56          0          0          0        212   sinf.o
       122          0          0          0          0        148   sqrt.o
       120          0          0          0          0        272   sqrtf.o
        86          0          0          0          0          0   __dczerorl2.o
         0          0          0          0          0          0   entry.o
         0          0          0          0          0          0   entry10a.o
         0          0          0          0          0          0   entry11a.o
         8          4          0          0          0          0   entry2.o
         4          0          0          0          0          0   entry5.o
         0          0          0          0          0          0   entry7b.o
         0          0          0          0          0          0   entry8b.o
         8          4          0          0          0          0   entry9a.o
        12          6          0          4          0         68   errno.o
        30          0          0          0          0          0   handlers.o
        36          8          0          0          0         68   init.o
         0          0          0          0          0          0   iusefp.o
        98          0          0          0          0         84   ldiv.o
        30          0          0          0          0         68   llshl.o
        36          0          0          0          0         68   llsshr.o
        32          0          0          0          0         68   llushr.o
       188         20          0          0          0        160   malloc.o
        26          0          0          0          0         80   memcmp.o
        64          0          0          0          0         76   memmovea.o
        36          0          0          0          0        108   memseta.o
         0          0          0          8          0          0   mvars.o
      2272         86          0          0          0        516   printfa.o
        18          0          0          0          0         68   strcpy.o
        44          0          0          0          0         80   uidiv.o
        98          0          0          0          0         92   uldiv.o
        48          0          0          0          0         68   cdcmple.o
        48          0          0          0          0         68   cdrcmple.o
        56          0          0          0          0         88   d2f.o
       334          0          0          0          0        148   dadd.o
       222          0          0          0          0        100   ddiv.o
       186          0          0          0          0        176   depilogue.o
        62          0          0          0          0         80   dfixi.o
        48          0          0          0          0         68   dfixul.o
        34          0          0          0          0         76   dflti.o
        26          0          0          0          0         76   dfltui.o
       228          0          0          0          0         96   dmul.o
       162          0          0          0          0        100   dsqrt.o
        38          0          0          0          0         68   f2d.o
       176          0          0          0          0        140   fadd.o
       110          0          0          0          0        168   fepilogue.o
        66          0          0          0          0         76   ffixl.o
        44          0          0          0          0         92   ffltl.o
        24          0          0          0          0         68   fscalb.o

    ----------------------------------------------------------------------
     32826       1588        384         28       4056      92165   Library Totals
        20          4          0          0          0          0   (incl. Padding)

    ----------------------------------------------------------------------

      Code (inc. data)   RO Data    RW Data    ZI Data      Debug   Library Name

        72          0          0          0          0      16911   arm_cortexM4l_math.lib
     22036        812          0         16       4056      67930   libmpllib.lib
      5660        644        384          0          0       3964   m_wm.l
      3126        128          0         12          0       1604   mc_w.l
      1912          0          0          0          0       1756   mf_w.l

    ----------------------------------------------------------------------
     32826       1588        384         28       4056      92165   Library Totals

    ----------------------------------------------------------------------

==============================================================================


      Code (inc. data)   RO Data    RW Data    ZI Data      Debug   

     96228       6520       4812        716      48988    1305425   Grand Totals
     96228       6520       4812        392      48988    1305425   ELF Image Totals (compressed)
     96228       6520       4812        392          0          0   ROM Totals

==============================================================================

    Total RO  Size (Code + RO Data)               101040 (  98.67kB)
    Total RW  Size (RW Data + ZI Data)             49704 (  48.54kB)
    Total ROM Size (Code + RO Data + RW Data)     101432 (  99.05kB)

==============================================================================

